Chat history



ChatGPT
ChatGPT
GPT Icon
Books
GPT Icon
LOGO

7 more

Explore GPTs
Previous 7 Days
Previous 30 Days
November
October
Renew Plus

ChatGPT

Share

User
You said:
What are these different types of models in Django? 

Eg. 
class Album(models.Model):
    artist = models.ForeignKey(Musician, on_delete=models.CASCADE)
    name = models.CharField(max_length=100)
    release_date = models.DateField()
    num_stars = models.IntegerField()

Is there a list of all of these, with their use cases and description? And if so, is there some official documentation link to it?

Could you also explain how this works? 
ChatGPT said:
ChatGPT
In Django, the models.Model class defines a blueprint for database tables. Each class attribute corresponds to a database column, and the field types define the data type of the column. Let me walk you through the essentials:

Field Types in Django Models
Django provides a variety of field types for defining model attributes. Here's a list of common ones, their use cases, and descriptions:

Field Type	Description	Use Case
CharField	A string field with a maximum length (required max_length).	For short text fields like names, titles, etc.
TextField	A large text field.	For storing large text like descriptions or comments.
IntegerField	A field for storing integers.	For numbers like counts, ratings, or IDs.
FloatField	A field for storing floating-point numbers.	For precise numerical data like prices or measurements.
BooleanField	A field for True/False values.	For flags, like whether a user is active or an item is available.
DateField	A field for storing date values.	For dates like birthdays or publication dates.
DateTimeField	A field for storing date and time.	For timestamps like order times or last login.
ForeignKey	Defines a many-to-one relationship.	For linking to another model, like author in a Book model.
ManyToManyField	Defines a many-to-many relationship.	For linking multiple objects, like tags on blog posts.
OneToOneField	Defines a one-to-one relationship.	For unique relationships, like a Profile for each User.
EmailField	A string field for email addresses.	For storing and validating email addresses.
URLField	A string field for URLs.	For storing and validating website links.
DecimalField	A fixed-point decimal number field (requires max_digits and decimal_places).	For precise decimal data like currency or fixed measurements.
FileField	A field for uploading and handling files.	For managing file uploads, like documents or images.
ImageField	A specialized FileField for handling images.	For image uploads, such as profile pictures.
SlugField	A field for storing URL-friendly strings.	For creating SEO-friendly slugs, like "my-awesome-post".
JSONField	A field for storing JSON-encoded data.	For dynamic or structured data like configurations.
BigIntegerField	A field for storing larger integers.	For larger numeric IDs or counters.
UUIDField	A field for universally unique identifiers (UUIDs).	For creating unique identifiers, often for primary keys.
AutoField	An auto-incrementing integer, typically used for primary keys.	Automatically generated ID fields.
PositiveIntegerField	A field for positive integers only.	For data like quantities or positive ratings.
How the Model Works
Model Definition:

You define a model as a class inheriting from models.Model.
Each attribute corresponds to a column in the database.
class Album(models.Model):
    artist = models.ForeignKey(Musician, on_delete=models.CASCADE)
    name = models.CharField(max_length=100)
    release_date = models.DateField()
    num_stars = models.IntegerField()
artist: Represents a many-to-one relationship with another model (Musician).
name: Stores a string of up to 100 characters.
release_date: Stores the album's release date.
num_stars: Stores an integer rating for the album.
Database Migration:

After defining the model, you create and apply migrations to update the database schema.
python manage.py makemigrations
python manage.py migrate
Model Methods:

You can define methods in the model for custom behavior.
class Album(models.Model):
    name = models.CharField(max_length=100)
    release_date = models.DateField()

    def __str__(self):
        return self.name
Interacting with Models:

Use Django's ORM to create, read, update, and delete records.
# Create a new Album
new_album = Album(name="Thriller", release_date="1982-11-30")
new_album.save()

# Query Albums
albums = Album.objects.all()
Official Documentation Link
For a complete and authoritative list of Django model field types, refer to the official documentation:

Django Model Field Reference

Would you like further examples or assistance with creating a specific model?






You said:
When should I use a Django app as opposed to just creating a normal project? 

And what is the benefit of doing this? For example, I am just creating a test todo app project and came across this in the documentation but unsure when I would use this? 
ChatGPT said:
ChatGPT
The distinction between a Django project and a Django app is essential for understanding how to organize and structure your Django codebase. Here's a breakdown of when to use a Django app versus just creating everything within a single Django project:

What is a Django Project?
A project is the entire web application. It includes:

A settings file (settings.py) that configures the overall project (e.g., database, middleware, installed apps).
A urls.py file for routing.
Other core configurations needed for the entire application.
You typically create one project per website or web application.

What is a Django App?
An app is a modular component of functionality within your project.

It is like a self-contained unit that can perform a specific task or serve a specific feature.
Each app typically has its own models, views, templates, static files, and urls.py.
Apps are reusable. You can plug an app into multiple Django projects without rewriting code.

When to Create an App
When the functionality is distinct or modular:

Example: In a blog project, you might create separate apps for:
posts (managing articles)
comments (managing user feedback)
users (managing authentication and user profiles)
When you foresee code reusability:

If you think a part of your project could be used in another project (e.g., a todo app, a payments app, or an authentication system), creating an app makes it portable.
When the app might grow in complexity:

Apps help you keep code organized as your project scales. Instead of cramming everything into a single project directory, apps help compartmentalize functionality.
When working in teams:

Apps enable teams to work on different parts of the project independently without conflicts.
Benefits of Creating an App
Separation of Concerns:

Apps keep functionality distinct and prevent code from becoming a tangled mess.
Example: The todo functionality in a todo app won’t mix with user authentication in a users app.
Reusability:

Apps can be packaged and reused across different projects.
Example: A well-designed todo app could be reused in another project by simply installing and configuring it.
Modularity:

Makes testing and maintenance easier by isolating functionality into smaller chunks.
Better Organization:

Large projects can quickly become overwhelming. Breaking functionality into separate apps ensures better organization.
For Your Test Todo App
If you are just experimenting with Django for a simple todo application:

Small scope (learning or practice):

You might not need to create a separate app. You can implement everything within the project itself (e.g., models, views, and templates directly under the project).
Real-world scope (production or extensibility):

Create an app, even if it's just for the todo functionality. This makes it easier to expand in the future (e.g., adding users, sharing todos, or integrating other features).
How to Add an App to Your Project
Create the App:

python manage.py startapp todo
Register the App in settings.py: Add the app to the INSTALLED_APPS list:

INSTALLED_APPS = [
    ...
    'todo',
]
Use the App:

Define the models, views, and templates for the todo app.
Include its URLs in the project’s main urls.py:
from django.urls import include, path

urlpatterns = [
    path('todo/', include('todo.urls')),
]
When NOT to Create a Separate App
If your project is very small, with a single-purpose scope (like a practice project), creating separate apps might be overkill.
For learning purposes, focusing on understanding Django's basics is more critical than perfect organization.
Would you like help setting up your todo app with a modular app structure?






You said:
Why would this code not be using render?

from django.http import HttpResponse
from django.template import loader

from .models import Question


def index(request):
    latest_question_list = Question.objects.order_by("-pub_date")[:5]
    template = loader.get_template("polls/index.html")
    context = {
        "latest_question_list": latest_question_list,
    }
    return HttpResponse(template.render(context, request))
ChatGPT said:
ChatGPT
The code is not using render because it is explicitly demonstrating how to use the Django template system by manually loading a template, rendering it with context, and then returning an HttpResponse. This approach is more verbose and less common in modern Django development.

How This Code Works
Loading the Template:

template = loader.get_template("polls/index.html")
The loader.get_template function manually loads the specified template.
Rendering the Template:

template.render(context, request)
The render method on the template object combines the template with the context dictionary, producing the final HTML string.
Returning the Response:

return HttpResponse(template.render(context, request))
The rendered HTML is wrapped in an HttpResponse object and returned to the client.
Why is render Preferred?
Django provides the render shortcut function to simplify this pattern. Here's what it does:

Combines loader.get_template and template.render into one step.
Automatically wraps the rendered content in an HttpResponse.
Reduces boilerplate code, making views cleaner and more concise.
The equivalent code using render would look like this:

from django.shortcuts import render
from .models import Question

def index(request):
    latest_question_list = Question.objects.order_by("-pub_date")[:5]
    context = {
        "latest_question_list": latest_question_list,
    }
    return render(request, "polls/index.html", context)
Benefits of Using render
Cleaner Code: Avoids the need to manually handle HttpResponse and loader.
Consistency: render is the standard approach and aligns with Django best practices.
Readability: Easier to understand and maintain, especially for new developers.
When to Use the Manual Approach
The manual approach (using loader.get_template and HttpResponse) might be used when:

You're customizing the rendering process, such as adding special behavior to how the template is loaded or rendered.
You need more control over the response (e.g., modifying headers or handling errors differently).
However, for the majority of use cases, especially simple views, render is the better choice.

Would you like help refactoring this code to use render, or do you have a specific reason for sticking with the manual method?






You said:
If I make changes to the admin.py file, do I need to restart my server to access the updated page? 

Eg. I am registering a model to the admin site 
ChatGPT said:
ChatGPT
No, you generally do not need to restart the server after making changes to the admin.py file in Django. Here's why:

Django Development Server Behavior
When you are running Django's built-in development server (python manage.py runserver), it automatically detects changes to most of your code files, including admin.py, and reloads the server as needed.
This behavior applies to updates such as registering a model to the admin site or customizing the admin interface.
When Might a Restart Be Necessary?
You might need to restart the server manually in rare cases:

Severe Changes to Server Behavior:

If you make changes to configuration files like settings.py or update middleware.
Failed Auto-Reload:

If the development server's auto-reloader fails to detect a change (this can happen occasionally due to certain file system quirks).
Errors in admin.py Code:

If there's an unhandled error in admin.py, the server may not reload successfully until you fix the issue and restart.
How to Ensure Changes Are Reflected
After updating admin.py (e.g., registering a model):

Save the admin.py file.
Visit the Django Admin interface in your browser.
Refresh the page to see the updated changes.
How to Register a Model in admin.py
For example, registering a Question model:

from django.contrib import admin
from .models import Question

admin.site.register(Question)
Once you save this file, Django will reload the server, and the Question model will appear in the Admin interface.
How to Restart the Server Manually (if Needed)
If changes don't reflect, you can manually stop and restart the server:

Stop the server: Press Ctrl+C in the terminal where the server is running.
Restart the server: Run python manage.py runserver again.
Would you like tips on customizing the admin interface or troubleshooting specific issues?






You said:
how to write a create method to add a new question ?
ChatGPT said:
ChatGPT
To create a new question in Django, you can write a method in your views.py file that handles the creation logic. Typically, this involves creating a new instance of your model (e.g., Question) and saving it to the database. Here's a step-by-step guide:

Model Example
Assume your Question model looks like this:

from django.db import models

class Question(models.Model):
    question_text = models.CharField(max_length=200)
    pub_date = models.DateTimeField("date published")
Create Method in views.py
Here’s how you can write a create method to add a new Question:

Option 1: Using HttpResponse for Simplicity
This method will handle POST requests and create a new question.

from django.http import HttpResponse
from django.shortcuts import get_object_or_404
from .models import Question
from django.utils.timezone import now

def create_question(request):
    if request.method == "POST":
        question_text = request.POST.get("question_text")
        if question_text:
            question = Question.objects.create(question_text=question_text, pub_date=now())
            return HttpResponse(f"Question created with ID: {question.id}")
        else:
            return HttpResponse("Missing question_text parameter", status=400)
    else:
        return HttpResponse("Only POST method is allowed", status=405)
Option 2: Using Django Forms for Better Handling
Using a Django form allows for easier validation and error handling:

Create a Form in forms.py:

from django import forms
from .models import Question

class QuestionForm(forms.ModelForm):
    class Meta:
        model = Question
        fields = ['question_text']
Update the View in views.py:

from django.shortcuts import render, redirect
from .forms import QuestionForm

def create_question(request):
    if request.method == "POST":
        form = QuestionForm(request.POST)
        if form.is_valid():
            form.save()  # Automatically saves the form data to the database
            return redirect("success_page")  # Redirect to a success page or list of questions
    else:
        form = QuestionForm()

    return render(request, "polls/create_question.html", {"form": form})
Create a Template in templates/polls/create_question.html:

<!DOCTYPE html>
<html>
<head>
    <title>Create Question</title>
</head>
<body>
    <h1>Create a New Question</h1>
    <form method="post">
        {% csrf_token %}
        {{ form.as_p }}
        <button type="submit">Submit</button>
    </form>
</body>
</html>
Benefits of Each Approach
Option 1:

Simpler and works well for quick, API-like interactions.
Minimal setup and no need for forms or templates.
Option 2:

Preferred for web applications with a front-end interface.
Provides better validation and integration with Django's form-handling system.
More user-friendly for creating new entries.
Testing the Create Method
Run the server: python manage.py runserver
For Option 1:
Use tools like Postman or curl to send a POST request with the question_text parameter.
For Option 2:
Visit the form URL in your browser and fill out the form to create a new question.
Would you like help setting up or customizing this further?






You said:
What is the csrf toke n?
ChatGPT said:
ChatGPT
The CSRF token (Cross-Site Request Forgery token) is a security feature used in web applications to protect against Cross-Site Request Forgery (CSRF) attacks. CSRF attacks occur when a malicious website or attacker tricks a user's browser into performing actions on a trusted website without their consent.

How CSRF Attacks Work
A user logs into a trusted website (e.g., www.example.com) and receives an authentication cookie.
While logged in, the user visits a malicious website controlled by an attacker.
The malicious website sends a request to www.example.com using the user's credentials (via the cookie), potentially performing unwanted actions (e.g., transferring money or changing account details).
Since the browser automatically includes the user's authentication cookie, the trusted website assumes the request is legitimate.
How CSRF Tokens Prevent These Attacks
A CSRF token is a random string generated by the server and included in forms or requests that modify data on the server. Here's how it works:

Token Generation:

When rendering a form or protected view, the server includes a unique CSRF token in the page.
The token is stored in the user's session and sent to the browser.
Token Validation:

When the form is submitted, the CSRF token must be sent back to the server as part of the request (usually as a hidden form field or HTTP header).
The server verifies the token against the session or a known list of valid tokens.
If the token is missing or incorrect, the server rejects the request, assuming it might be malicious.
CSRF Tokens in Django
Django includes CSRF protection by default for POST, PUT, PATCH, and DELETE requests.

Adding the Token to a Template Form To include the CSRF token in your forms, use the {% csrf_token %} template tag inside your HTML form:

<form method="post">
    {% csrf_token %}
    <input type="text" name="question_text" placeholder="Enter question">
    <button type="submit">Submit</button>
</form>
When the form is submitted, the CSRF token is sent along with the request for validation.

Validating the Token

Django's middleware (django.middleware.csrf.CsrfViewMiddleware) automatically checks the token in the request.
If the token is invalid or missing, Django returns a 403 Forbidden error.
CSRF Exemptions (Not Recommended) If you want to disable CSRF protection for a specific view (e.g., for APIs), you can use the @csrf_exempt decorator:

from django.views.decorators.csrf import csrf_exempt

@csrf_exempt
def my_view(request):
    # Handle the request without CSRF validation
    pass
When to Use the CSRF Token
Forms: Always include the token in HTML forms that perform actions like creating, updating, or deleting data.
APIs: For APIs, consider using csrf_exempt or rely on other forms of authentication like tokens (e.g., JWT, OAuth).
Debugging CSRF Issues
Missing CSRF Token Error:

Ensure you include {% csrf_token %} in your form template.
Verify the form is submitted using a POST request (not GET).
CSRF Cookie Missing:

Make sure the CSRF middleware is enabled in your settings.py:
MIDDLEWARE = [
    'django.middleware.csrf.CsrfViewMiddleware',
    ...
]
Testing with APIs: Use tools like Postman to include the X-CSRFToken header if needed.

Would you like help troubleshooting a specific CSRF-related issue or customizing the behavior?






You said:
And what is the .as_p method ?
ChatGPT said:
ChatGPT
The .as_p() method in Django is used with Django Forms to render form fields as HTML, with each field wrapped in a <p> tag. It provides a quick and easy way to display a form in your templates with basic formatting.

How .as_p() Works
When you call .as_p() on a Django form instance, it:

Iterates through each field in the form.
Renders each field (with its label and any associated error messages) inside a <p> HTML tag.
Outputs the HTML string for the entire form.
Example
Form Definition (forms.py)
from django import forms

class ContactForm(forms.Form):
    name = forms.CharField(max_length=100)
    email = forms.EmailField()
    message = forms.CharField(widget=forms.Textarea)
View (views.py)
from django.shortcuts import render
from .forms import ContactForm

def contact_view(request):
    form = ContactForm()
    return render(request, "contact.html", {"form": form})
Template (contact.html)
<!DOCTYPE html>
<html>
<head>
    <title>Contact Form</title>
</head>
<body>
    <h1>Contact Us</h1>
    <form method="post">
        {% csrf_token %}
        {{ form.as_p }}
        <button type="submit">Submit</button>
    </form>
</body>
</html>
Rendered HTML Output
When you load the page, Django automatically converts the form fields into HTML:

<form method="post">
    <p>
        <label for="id_name">Name:</label>
        <input type="text" name="name" maxlength="100" required id="id_name">
    </p>
    <p>
        <label for="id_email">Email:</label>
        <input type="email" name="email" required id="id_email">
    </p>
    <p>
        <label for="id_message">Message:</label>
        <textarea name="message" cols="40" rows="10" required id="id_message"></textarea>
    </p>
    <button type="submit">Submit</button>
</form>
When to Use .as_p()
Use .as_p() when you want a quick and clean way to display form fields with minimal styling or customization.
It's great for prototyping or simple forms where the default <p> tag structure is sufficient.
Alternatives to .as_p()
Django forms also provide alternative methods for rendering form fields:

.as_table()

Renders each form field as a table row (<tr>), with labels in <th> tags and fields in <td> tags.
<tr>
    <th><label for="id_name">Name:</label></th>
    <td><input type="text" name="name" maxlength="100" required id="id_name"></td>
</tr>
.as_ul()

Renders each form field as a list item (<li>), making it suitable for forms styled as lists.
<ul>
    <li>
        <label for="id_name">Name:</label>
        <input type="text" name="name" maxlength="100" required id="id_name">
    </li>
</ul>
Manual Rendering

For full control over the HTML, you can manually render each field in your template using:
<form method="post">
    {% csrf_token %}
    <p>
        {{ form.name.label_tag }} {{ form.name }}
    </p>
    <p>
        {{ form.email.label_tag }} {{ form.email }}
    </p>
    <p>
        {{ form.message.label_tag }} {{ form.message }}
    </p>
    <button type="submit">Submit</button>
</form>
Advantages of .as_p()
Easy to use and reduces boilerplate code.
Automatically includes error messages and labels.
Good for quick development or simple forms.
Disadvantages of .as_p()
Limited flexibility in customizing the HTML structure.
May not fit your design if you need custom layouts or advanced styling.
Would you like to explore a specific rendering method in more detail?






You said:
Is it possible to have the question list and create question on the same page ?
ChatGPT said:
ChatGPT
Yes, it's absolutely possible to have the question list and a form to create a new question on the same page in Django. You can achieve this by combining the list and create functionality in a single view, passing both the list of questions and the form to the template. Here's how you can implement it:

Steps to Implement:
1. Create a ModelForm for the Question
Define a ModelForm for the Question model. This will handle the creation of new questions.

# forms.py
from django import forms
from .models import Question

class QuestionForm(forms.ModelForm):
    class Meta:
        model = Question
        fields = ['question_text', 'pub_date']  # Include relevant fields
2. Update the View to Handle Both Listing and Creating Questions
# views.py
from django.shortcuts import render, redirect
from .models import Question
from .forms import QuestionForm

def question_list_and_create(request):
    # Handle form submission
    if request.method == "POST":
        form = QuestionForm(request.POST)
        if form.is_valid():
            form.save()
            return redirect("question_list_and_create")  # Redirect to avoid resubmission on refresh
    else:
        form = QuestionForm()

    # Fetch the list of questions
    latest_question_list = Question.objects.order_by("-pub_date")

    # Pass both the form and question list to the template
    context = {
        "latest_question_list": latest_question_list,
        "form": form,
    }
    return render(request, "polls/question_list_and_create.html", context)
3. Create the Template
<!-- templates/polls/question_list_and_create.html -->
<!DOCTYPE html>
<html>
<head>
    <title>Questions</title>
</head>
<body>
    <h1>Question List</h1>
    <ul>
        {% for question in latest_question_list %}
            <li>{{ question.question_text }} (Published: {{ question.pub_date }})</li>
        {% endfor %}
    </ul>

    <h2>Create a New Question</h2>
    <form method="post">
        {% csrf_token %}
        {{ form.as_p }}
        <button type="submit">Add Question</button>
    </form>
</body>
</html>
4. Add a URL Pattern
# urls.py
from django.urls import path
from . import views

urlpatterns = [
    path("questions/", views.question_list_and_create, name="question_list_and_create"),
]
How It Works
GET Request:

When the user visits the page, the view fetches the list of questions (latest_question_list) and initializes an empty form (QuestionForm).
Both are passed to the template and displayed.
POST Request:

When the form is submitted, the view processes the form data.
If the form is valid, it saves the new question to the database.
The user is redirected to the same page to avoid duplicate form submissions on refresh.
Advantages of This Approach
Combines listing and creating functionality, improving user experience.
Avoids the need for multiple pages or navigation steps.
Form validation is handled automatically by Django.
Optional Enhancements
AJAX Support:

You can use JavaScript to handle form submissions asynchronously for a smoother user experience.
Styling:

Use CSS frameworks like Bootstrap to improve the UI of the list and form.
Would you like to explore any of these enhancements?






You said:
How would I modify this for a todo list app ?
ChatGPT said:
ChatGPT
Adapting the approach for a To-Do List app involves modifying the model, form, view, and template to handle to-do items instead of questions. Here's how to implement it:

Steps to Implement a To-Do List App
1. Define the Model
The Todo model will represent a task with fields like title (task name), description, is_completed, and created_at.

# models.py
from django.db import models

class Todo(models.Model):
    title = models.CharField(max_length=100)
    description = models.TextField(blank=True, null=True)
    is_completed = models.BooleanField(default=False)
    created_at = models.DateTimeField(auto_now_add=True)

    def __str__(self):
        return self.title
2. Create a ModelForm
Define a ModelForm to simplify adding new to-do items.

# forms.py
from django import forms
from .models import Todo

class TodoForm(forms.ModelForm):
    class Meta:
        model = Todo
        fields = ['title', 'description', 'is_completed']  # Fields to include in the form
3. Create the Combined View
The view will handle listing all to-do items and adding a new one.

# views.py
from django.shortcuts import render, redirect
from .models import Todo
from .forms import TodoForm

def todo_list_and_create(request):
    # Handle form submission
    if request.method == "POST":
        form = TodoForm(request.POST)
        if form.is_valid():
            form.save()
            return redirect("todo_list_and_create")  # Redirect to avoid form resubmission
    else:
        form = TodoForm()

    # Fetch all to-do items, ordered by creation date
    todos = Todo.objects.order_by("-created_at")

    # Pass the list and form to the template
    context = {
        "todos": todos,
        "form": form,
    }
    return render(request, "todo/todo_list_and_create.html", context)
4. Create the Template
The template will display the list of to-do items and the form to add new ones.

<!-- templates/todo/todo_list_and_create.html -->
<!DOCTYPE html>
<html>
<head>
    <title>To-Do List</title>
</head>
<body>
    <h1>To-Do List</h1>
    
    <!-- List of To-Do Items -->
    <ul>
        {% for todo in todos %}
            <li>
                <strong>{{ todo.title }}</strong>
                {% if todo.is_completed %}
                    <span style="color: green;">(Completed)</span>
                {% else %}
                    <span style="color: red;">(Pending)</span>
                {% endif %}
                <br>
                {{ todo.description }}
            </li>
        {% empty %}
            <p>No tasks yet!</p>
        {% endfor %}
    </ul>

    <!-- Form to Add New To-Do Items -->
    <h2>Add a New Task</h2>
    <form method="post">
        {% csrf_token %}
        {{ form.as_p }}
        <button type="submit">Add Task</button>
    </form>
</body>
</html>
5. Add the URL Pattern
Define a URL for the combined view.

# urls.py
from django.urls import path
from . import views

urlpatterns = [
    path("todos/", views.todo_list_and_create, name="todo_list_and_create"),
]
How It Works
GET Request:

The view fetches all to-do items from the database.
It initializes an empty form and renders the template with the list and form.
POST Request:

When the user submits the form, the view validates the input and saves the new to-do item to the database.
The user is redirected back to the same page to avoid duplicate submissions.
Example Workflow
User navigates to /todos/.
Sees a list of current to-do items and a form to add a new task.
Submits the form to add a new task, which is saved to the database.
The page reloads, showing the updated list.
Optional Enhancements
Mark as Complete/Incomplete:

Add buttons to toggle the is_completed status of tasks.
Example:
<form method="post" action="{% url 'mark_complete' todo.id %}">
    {% csrf_token %}
    <button type="submit">Mark as Complete</button>
</form>
AJAX for Form Submission:

Use JavaScript to submit the form without reloading the page.
Styling:

Use a CSS framework like Bootstrap to make the UI more appealing.
Delete Tasks:

Add a delete button next to each task, linking to a delete view.
Would you like to explore any of these enhancements?






You said:
Why do we use the 
    def __str__(self):
        return self.title

in the model definition? 
ChatGPT said:
ChatGPT
The __str__() method in a Django model is a special method that defines how the object is represented as a string. It is used primarily to provide a human-readable and meaningful string representation of the model instance.

Why Use __str__()?
Improves Readability in the Admin Interface

In the Django admin panel, objects are often displayed as strings (e.g., in dropdowns, lists, and related model references). Without a __str__() method, Django would use a less informative default representation like <Todo: Todo object (1)>, which isn't very helpful.
By implementing __str__(), you can show a descriptive field, such as title, making it easier to identify objects.
Example:

class Todo(models.Model):
    title = models.CharField(max_length=100)
    description = models.TextField(blank=True, null=True)
    is_completed = models.BooleanField(default=False)
    created_at = models.DateTimeField(auto_now_add=True)

    def __str__(self):
        return self.title
In the admin panel, tasks will now appear as their title instead of something generic.

Debugging Convenience
When debugging, printing an object (print(todo) in Python or displaying it in a template) would otherwise show an uninformative representation.
Defining __str__() provides meaningful output, such as:
todo = Todo.objects.get(id=1)
print(todo)  # Outputs: "Buy Groceries"
Ease of Use in Templates
When displaying a model instance in a template, Django automatically calls the __str__() method.
Example:
<li>{{ todo }}</li>
With __str__() defined, this will output the task title (Buy Groceries) instead of <Todo: Todo object (1)>.
Better Representation in Querysets
When you query for a list of objects and display them, the __str__() method makes them readable.
Example:
todos = Todo.objects.all()
for todo in todos:
    print(todo)  # Outputs each todo's title
Best Practices for __str__()
Choose the Most Descriptive Field
Select a field that uniquely or meaningfully describes the object. For example:

For a Todo, use title.
For a User, use username or email.
Combine Fields if Needed
If a single field isn’t descriptive enough, combine multiple fields.

def __str__(self):
    return f"{self.title} - Completed: {'Yes' if self.is_completed else 'No'}"
Keep It Short
Avoid making the string representation too lengthy or complex.

Without __str__()
If you don't define __str__(), Python falls back to the default object representation, which looks like <ModelName: ModelName object (ID)>. This is rarely useful in practice.

By defining __str__(), you ensure your models are easier to work with in the admin, templates, and during debugging.






You said:
I am getting this note - It is impossible to add the field 'created_at' with 'auto_now_add=True' to todo without providing a default. This is because the database needs something to populate existing rows.
ChatGPT said:
ChatGPT
The error you're encountering is because you're trying to add a new field, created_at, with auto_now_add=True to an existing model (Todo). Since this field will automatically be populated with the timestamp when a new row is added, Django can't retroactively assign values for existing rows in the database.

To resolve this, you have two options:

Option 1: Provide a Default Value
You can provide a default value for the created_at field when adding it to the existing model. This is typically done by setting the default parameter to timezone.now() or a static date if you're adding the field to an existing database.

Here’s how you can do it:

Modify the created_at field to include default and auto_now_add:
from django.db import models
from django.utils import timezone

class Todo(models.Model):
    title = models.CharField(max_length=100)
    description = models.TextField(blank=True, null=True)
    is_completed = models.BooleanField(default=False)
    created_at = models.DateTimeField(default=timezone.now, auto_now_add=True)  # Add default here

    def __str__(self):
        return self.title
Make Migrations: After modifying the model, create a migration to update the database schema.
python manage.py makemigrations
Apply the Migrations: Then, apply the migration to update your database schema.
python manage.py migrate
This will apply the change, and Django will use timezone.now() to populate the created_at field for existing rows.

Option 2: Manually Update Existing Records
If you're adding the created_at field to a model that already has existing records, Django won't automatically know what to put in the created_at field for those records. In this case, you can manually update the records after adding the field, or you can set a default value for the field that reflects the existing data.

Add the created_at field without auto_now_add temporarily: This way, the field can be added without the error.
class Todo(models.Model):
    title = models.CharField(max_length=100)
    description = models.TextField(blank=True, null=True)
    is_completed = models.BooleanField(default=False)
    created_at = models.DateTimeField(null=True)  # Temporarily make it nullable

    def __str__(self):
        return self.title
Create and Apply the Migration: Run the migration to add the created_at field as nullable.
python manage.py makemigrations
python manage.py migrate
Update Existing Records: After the field is added, manually update the records in the database by filling in values for created_at.
You can either do this by:

Using Django shell to set the created_at values:

python manage.py shell
Then, run:

from todo.models import Todo
from django.utils import timezone

todos = Todo.objects.all()
for todo in todos:
    todo.created_at = timezone.now()  # Set to the current time or any other value
    todo.save()
Using a database migration with a custom script if you prefer a more structured approach.

Make the created_at Field Non-nullable: Once all the records have been populated with values for created_at, you can make the field non-nullable again and set it to auto_now_add=True.
class Todo(models.Model):
    title = models.CharField(max_length=100)
    description = models.TextField(blank=True, null=True)
    is_completed = models.BooleanField(default=False)
    created_at = models.DateTimeField(auto_now_add=True)  # Now you can safely set this back

    def __str__(self):
        return self.title
Make and Apply the Migration Again: Create and apply another migration to update the model's database schema.
python manage.py makemigrations
python manage.py migrate
In Summary:
Option 1 is the most straightforward if you want to automatically populate the created_at field for existing rows.
Option 2 is useful if you need more control over how existing records are updated, especially if you want to set custom timestamps for existing rows.
By following one of these options, you should be able to resolve the issue and proceed with your migration.






You said:
Could you explain this code to me?

def create_todo(request):
    if request.method == 'POST':
        form = TodoForm(request.POST)
        if form.is_valid():
            form.save() # save the form data to the database
            return redirect('index')
    else:
        form = TodoForm() 
    return render(request, "pages/create_todo.html", {'form': form})
ChatGPT said:
ChatGPT
This code is a Django view function designed to handle the creation of a new "Todo" item using a form. Here's a breakdown of how it works:

Function Overview:
Purpose: The function handles both displaying an empty form to the user (via GET request) and processing the form data when submitted (via POST request).
The View: It processes the form and, if valid, saves the data to the database and redirects the user. If not valid, it will re-render the form with error messages.
Detailed Breakdown:
def create_todo(request):
This is the view function create_todo, which will be mapped to a URL pattern (likely in urls.py).
It accepts a request parameter, which contains the HTTP request sent by the user (including GET, POST data, etc.).
Check for POST Request:
    if request.method == 'POST':
This checks if the HTTP request method is 'POST', meaning the user has submitted the form.
If the method is not POST, it defaults to handling the case for GET (we'll get to that shortly).
Creating the Form with POST Data:
        form = TodoForm(request.POST)
TodoForm is a Django form class, presumably a form that you have defined (in forms.py).
When a form is submitted (via POST), the form receives the submitted data (available via request.POST).
request.POST is a dictionary-like object that contains the data submitted through the form, such as the "title" and "description" of a Todo item.
Validating the Form:
        if form.is_valid():
form.is_valid() checks whether the submitted form data is valid. Django will automatically perform various validations based on the form fields (e.g., required fields, data type checks, etc.).
If the form is not valid, it will return False, and the form will be re-rendered with error messages.
Saving the Form Data to the Database:
            form.save()  # save the form data to the database
If the form is valid, form.save() saves the data to the database.
Django automatically creates or updates the relevant database records based on the form data (e.g., a new Todo entry in your database).
Redirect After Successful Save:
            return redirect('index')
After successfully saving the form data, the user is redirected to the 'index' page (likely the homepage or a list of todos).
The redirect() function sends an HTTP response to the browser, instructing it to navigate to the URL named 'index'. This URL is probably mapped to another view, perhaps showing a list of todos.
Handling GET Request (Displaying the Empty Form):
    else:
        form = TodoForm()
If the request method is not 'POST' (meaning it's a GET request), this block is executed.
TodoForm() creates an empty instance of the form to display to the user. This is what you'll see when you first visit the page, before any data is submitted.
Rendering the Form:
    return render(request, "pages/create_todo.html", {'form': form})
Finally, the function uses render() to generate the HTML response.
render() takes three arguments:
request: The original HTTP request object.
Template Path: "pages/create_todo.html" specifies the template to render. This is the HTML page that will display the form.
Context: {'form': form} passes the form object to the template. The template can access the form using the variable form, allowing you to display the form fields and handle form rendering (e.g., showing errors or pre-filled data).
How It Works in Practice:
GET Request:

When the user visits the page (GET request), the view returns an empty form (form = TodoForm()), which is rendered on the "create_todo.html" page.
POST Request:

When the user submits the form (POST request), the data is sent to the server. The view creates a TodoForm with the submitted data (form = TodoForm(request.POST)).
The form is validated using form.is_valid(). If valid, the data is saved with form.save(), and the user is redirected to the 'index' page.
If the form is invalid, the errors are shown to the user, and they can correct their input and resubmit the form.
In Summary:
This code handles two key parts of form processing:

Displaying an empty form when the page is first loaded (GET request).
Processing and saving form data when the form is submitted (POST request), and redirecting the user to a different page after the save is successful.
This is a common pattern in Django for handling form submissions, including both creating and updating model instances in the database.






You said:
How to delete a question from the list? 
ChatGPT said:
ChatGPT
To delete a Question (or any other model object) from the list in Django, you can implement a view that handles the deletion process. Typically, this involves retrieving the object you want to delete, deleting it from the database, and then redirecting the user to a different page (such as a list of remaining questions).

Here's a step-by-step guide to implement the deletion functionality for a Question:

1. Create a View for Deleting a Question
You need to create a view function that will handle the deletion of a Question based on its ID or primary key.

from django.shortcuts import render, get_object_or_404, redirect
from .models import Question

def delete_question(request, question_id):
    # Get the Question object by its ID, or return 404 if not found
    question = get_object_or_404(Question, pk=question_id)
    
    # Delete the question from the database
    question.delete()
    
    # Redirect to a page showing the updated list of questions (e.g., the index page)
    return redirect('index')
2. Explain the Code:
get_object_or_404(Question, pk=question_id): This function retrieves the Question object with the provided question_id. If no such Question exists, it raises a 404 error (this is important for preventing errors in case of invalid URLs).
question.delete(): This deletes the Question instance from the database.
return redirect('index'): After the deletion, the user is redirected to the list of questions (or some other page like the index).
3. URL Configuration
You need to create a URL pattern that maps to this delete_question view, passing the question_id as a parameter.

In your urls.py, add:

from django.urls import path
from . import views

urlpatterns = [
    # Other URL patterns
    path('delete/<int:question_id>/', views.delete_question, name='delete_question'),
]
This URL pattern maps to a delete_question view and expects the question_id as part of the URL.

4. Adding a Delete Link to the List Page
You can add a delete button or link next to each question on your list page. For example, in your index.html or question_list.html template, you could have something like this:

{% for question in latest_question_list %}
    <p>{{ question.text }} 
        <a href="{% url 'delete_question' question.id %}" onclick="return confirm('Are you sure you want to delete this question?');">Delete</a>
    </p>
{% endfor %}
{% url 'delete_question' question.id %}: This generates a URL to the delete_question view, passing the question.id as an argument.
onclick="return confirm('Are you sure you want to delete this question?');": This JavaScript confirmation ensures the user has to confirm the deletion before it's carried out.
5. Optional: Add a Success Message (Optional)
If you want to show a success message after deletion, you can use Django's messages framework. You would modify your view like this:

from django.contrib import messages

def delete_question(request, question_id):
    question = get_object_or_404(Question, pk=question_id)
    question.delete()
    
    # Add a success message
    messages.success(request, 'The question has been deleted successfully.')
    
    return redirect('index')
And in your template, you can display the messages:

{% if messages %}
    <ul>
    {% for message in messages %}
        <li>{{ message }}</li>
    {% endfor %}
    </ul>
{% endif %}
In Summary:
Create a delete_question view that deletes a Question by its ID.
Define a URL pattern to handle the deletion request.
Add a delete link to your templates that points to this view.
Optionally, add a success message to notify the user that the deletion was successful.
With these steps, you will be able to delete questions from the list in your Django application.






You said:
How to delete a todo item ?
ChatGPT said:
ChatGPT
To delete a Todo item in a Django application, you can follow a similar approach to deleting a Question as explained earlier. Here are the steps to delete a Todo item from the database:

1. Create a View for Deleting a Todo Item
In your views.py, create a view that handles the deletion of a Todo item.

from django.shortcuts import render, get_object_or_404, redirect
from .models import Todo

def delete_todo(request, todo_id):
    # Get the Todo object by its ID, or return 404 if not found
    todo = get_object_or_404(Todo, pk=todo_id)
    
    # Delete the todo item from the database
    todo.delete()
    
    # Redirect to a page showing the updated list of todos (e.g., the index page)
    return redirect('index')
2. Explain the Code:
get_object_or_404(Todo, pk=todo_id): This retrieves the Todo object with the given todo_id. If no such object exists, a 404 error is raised (useful for handling invalid or non-existent items).
todo.delete(): This deletes the Todo instance from the database.
return redirect('index'): After successfully deleting the item, the user is redirected to the index page (or whichever page lists all the todos).
3. URL Configuration
Next, you need to define the URL pattern for the delete action. Add the following to your urls.py:

from django.urls import path
from . import views

urlpatterns = [
    # Other URL patterns
    path('delete_todo/<int:todo_id>/', views.delete_todo, name='delete_todo'),
]
This will map a URL like /delete_todo/1/ to the delete_todo view, where 1 is the todo_id.

4. Adding a Delete Link in the Template
You can add a link to delete a Todo item on your list page (or wherever you display the todos). For example, in your todo_list.html template:

{% for todo in todos %}
    <p>{{ todo.title }} 
        <a href="{% url 'delete_todo' todo.id %}" onclick="return confirm('Are you sure you want to delete this todo?');">Delete</a>
    </p>
{% endfor %}
{% url 'delete_todo' todo.id %}: This creates a URL to the delete_todo view, passing the todo.id as the todo_id.
onclick="return confirm('Are you sure you want to delete this todo?');": This JavaScript confirmation dialog asks the user to confirm the deletion before proceeding.
5. Optional: Success Message
To notify the user that the Todo item was deleted successfully, you can use Django's messages framework. Here's how you can modify the view to include a success message:

from django.contrib import messages

def delete_todo(request, todo_id):
    todo = get_object_or_404(Todo, pk=todo_id)
    todo.delete()
    
    # Add a success message
    messages.success(request, 'The todo item has been deleted successfully.')
    
    return redirect('index')
In your template, you can display the success message like this:

{% if messages %}
    <ul>
    {% for message in messages %}
        <li>{{ message }}</li>
    {% endfor %}
    </ul>
{% endif %}
In Summary:
Create the delete_todo view that retrieves the Todo item by its ID and deletes it.
Define a URL pattern for the delete_todo view.
Add a delete link in your template, pointing to the delete URL.
Optionally add a confirmation dialog using JavaScript to confirm the deletion action.
Optional: Add a success message to inform the user after the deletion.
With these steps, you'll have a working implementation for deleting a Todo item in your Django app!






You said:
Is the id attribute auto-created for a model ? 
ChatGPT said:
ChatGPT
Yes, in Django, the id attribute is automatically created for each model by default.

When you define a model, Django automatically adds an auto-incrementing primary key field to the model unless you explicitly define a different primary key. The default field for the primary key is id, which is an AutoField, meaning it automatically generates a unique integer for each record.

For example, if you have a Todo model like this:

class Todo(models.Model):
    title = models.CharField(max_length=200)
    description = models.TextField()
    created_at = models.DateTimeField(auto_now_add=True)
Django automatically adds an id field to this model, which serves as the primary key and will be auto-incremented.

Key Points:
AutoField: Django uses AutoField for the primary key field by default. This field will automatically generate a unique integer for each object when it is saved to the database.
Primary Key: The id field will be the primary key unless you define another field explicitly as the primary key by using the primary_key=True attribute.
Custom Primary Key: If you want to use a custom field (like slug or username) as the primary key, you can set it like this:
class Todo(models.Model):
    slug = models.SlugField(unique=True, primary_key=True)
    title = models.CharField(max_length=200)
    description = models.TextField()
    created_at = models.DateTimeField(auto_now_add=True)
In this case, slug would be the primary key, and Django would not generate the default id field.

In summary:
Yes, Django auto-generates an id field for every model unless you define your own primary key.






You said:
Could you explain the HTML part within the '%' in more depth, as this is confusing me?
ChatGPT said:
ChatGPT
In Django templates, the % syntax is used to denote template tags. Template tags are used to add logic to your templates, such as loops, conditionals, and rendering dynamic content. They are enclosed within {% and %}.

Here’s a more detailed explanation of the different components you might encounter within {% %} in Django templates:

1. Basic Template Tags
Variables: You can render dynamic data by using {{ }}. This is for displaying values that are passed to the template, like objects or variables.

<p>{{ todo.title }}</p> <!-- Displays the title of the Todo object -->
Template Tags: These are for controlling the logic in your templates (loops, conditionals, etc.). Template tags are always enclosed in {% %}.

Example:

{% if user.is_authenticated %}
    <p>Welcome, {{ user.username }}!</p>
{% endif %}
This will check if the user is authenticated and, if true, display a welcome message.

2. Common Template Tags
Here are some of the most common template tags you'll use in Django:

a. {% if %} ... {% endif %} - Conditional Rendering
This tag is used to conditionally render content based on whether a given condition is true or false.

Example:

{% if todo.is_completed %}
    <p>This todo is completed!</p>
{% else %}
    <p>This todo is still pending.</p>
{% endif %}
In this example, if the todo.is_completed attribute is True, the first paragraph is rendered, and if it is False, the second paragraph is shown.

b. {% for %} ... {% endfor %} - Looping
This tag is used to loop through a list of objects or any iterable.

Example:

{% for todo in todos %}
    <p>{{ todo.title }}</p>
{% endfor %}
This will loop through the todos list and display the title of each todo.

c. {% url %} - Reverse URL Lookup
The {% url %} tag is used to generate a URL for a given view based on its name.

Example:

<a href="{% url 'delete_todo' todo.id %}">Delete</a>
This generates a URL for the view named delete_todo and passes the todo.id as a parameter. It's a safer and more maintainable way to generate URLs, as it uses the name of the view rather than hardcoding URLs.

d. {% include %} - Include Another Template
The {% include %} tag is used to include another template into the current template.

Example:

{% include 'header.html' %}
This will include the contents of header.html wherever the {% include %} tag is placed.

3. {% with %} - Variable Assignment
The {% with %} tag is used to assign values to variables within the template, so you don’t have to access them multiple times.

Example:

{% with total=todo.completed_count %}
    <p>The total number of completed todos is {{ total }}</p>
{% endwith %}
In this case, total is a temporary variable that stores the value of todo.completed_count, and it can be used later in the template.

4. {% block %} and {% endblock %} - Template Inheritance
Django templates allow for inheritance, where you can define base templates and extend them in child templates. {% block %} is used to define areas that child templates can override.

Example (base template):

<html>
<head>
    <title>{% block title %}My Todo App{% endblock %}</title>
</head>
<body>
    <h1>{% block header %}Welcome to My Todo App{% endblock %}</h1>
    {% block content %}{% endblock %}
</body>
</html>
Example (child template):

{% extends 'base.html' %}

{% block title %}Todo List{% endblock %}

{% block header %}Here’s your list of todos{% endblock %}

{% block content %}
    <ul>
        {% for todo in todos %}
            <li>{{ todo.title }}</li>
        {% endfor %}
    </ul>
{% endblock %}
5. {% csrf_token %} - CSRF Token
The {% csrf_token %} tag is used to insert a CSRF token into your form to protect against Cross-Site Request Forgery (CSRF) attacks.

Example:

<form method="post">
    {% csrf_token %}
    <input type="text" name="title">
    <input type="submit" value="Add Todo">
</form>
This tag will generate a hidden input field with the CSRF token that Django checks when the form is submitted to verify that the form submission is legitimate.

6. {% comment %} - Commenting Code
Django templates also allow you to add comments to your code. These comments are not included in the final rendered HTML.

Example:

{% comment %}
    This is a comment that won't appear in the final HTML.
{% endcomment %}
Key Points to Remember:
{% %} are template tags used for controlling logic, loops, conditionals, etc.
{{ }} are used to output variables or values.
{% %} helps you execute Python-like logic directly in your templates.
Django templates help you separate the HTML structure from the logic, allowing for more maintainable and readable code.
Summary
The % syntax within {% %} is essential for embedding dynamic behavior in your templates, such as loops, conditionals, and URL generation. It allows you to control how data is displayed and modify the structure of your HTML based on the context provided to the template.






You said:
how might I create a search function for the todos ?
ChatGPT said:
ChatGPT
To create a search function for the Todo model in Django, you can follow these steps:

1. Create a Search Form
You need a form that allows users to input their search query. You can either create a custom form or handle the search query directly in the view. Let's create a simple search form.

forms.py:
from django import forms

class TodoSearchForm(forms.Form):
    query = forms.CharField(max_length=100, required=False, label="Search Todos")
This form includes a single field (query) for the user to enter the search term.

2. Modify the View to Handle Search
You need to update your view to handle the search logic. If a search term is provided, filter the Todo objects based on the query.

views.py:
from django.shortcuts import render
from .models import Todo
from .forms import TodoSearchForm

def todo_list(request):
    # Initialize the form
    form = TodoSearchForm(request.GET)
    
    # Default query is empty
    todos = Todo.objects.all()

    if form.is_valid():
        query = form.cleaned_data.get('query')
        if query:
            # Filter todos based on the search query
            todos = todos.filter(title__icontains=query)  # Use __icontains for case-insensitive search
    
    return render(request, 'pages/todo_list.html', {'todos': todos, 'form': form})
Explanation:
form = TodoSearchForm(request.GET): This initializes the search form with data from the URL's query parameters (i.e., what the user types into the search box).
todos = Todo.objects.all(): Start by fetching all Todo objects.
todos = todos.filter(title__icontains=query): If a search query is provided, filter the Todo objects to match any title that contains the query (case-insensitive). You can also filter by other fields (e.g., description, created_at), depending on your needs.
form.cleaned_data.get('query'): Retrieves the cleaned search query from the form.
3. Update the Template
Now, update your template to display the search form and the filtered list of todos.

todo_list.html:
<h1>Todo List</h1>

<!-- Search form -->
<form method="get" action="">
    {% csrf_token %}
    {{ form.as_p }}
    <button type="submit">Search</button>
</form>

<!-- Display todos -->
<ul>
    {% for todo in todos %}
        <li>{{ todo.title }}</li>
    {% empty %}
        <li>No todos found.</li>
    {% endfor %}
</ul>
{{ form.as_p }}: This renders the search form.
{% for todo in todos %}: This loops through the filtered todos and displays their titles. If no todos match the search query, a message like "No todos found" is shown.
4. Add URL Pattern for the View
Add the URL pattern that points to the todo_list view.

urls.py:
from django.urls import path
from . import views

urlpatterns = [
    path('', views.todo_list, name='todo_list'),  # Default view to show all todos and handle search
]
5. Testing
Now you can test the search functionality. When you visit the page, the user will see a search bar. They can enter a search query, and the page will update to show only the Todo items that match the search criteria.

Summary:
Create a search form (TodoSearchForm) that allows users to input a query.
Modify the view to handle the query and filter the Todo items based on the user's search term.
Update the template to display the search form and the filtered list of todos.
Create a URL pattern for the search functionality.
This gives you a working search feature for your Todo list in Django! You can further customize the search to include filtering by other attributes or more complex search logic as needed.






You said:
Why am I sent to this page after deleting a todo item ?

NoReverseMatch at /delete_todo/3/
Reverse for 'index' not found. 'index' is not a valid view function or pattern name.
Request Method:	GET
Request URL:	http://127.0.0.1:8000/delete_todo/3/
Django Version:	5.1.3
Exception Type:	NoReverseMatch
Exception Value:	
Reverse for 'index' not found. 'index' is not a valid view function or pattern name.
Exception Location:	/Users/guyroberts21/Desktop/Projects/django-project/venv/lib/python3.12/site-packages/django/urls/resolvers.py, line 831, in _reverse_with_prefix
Raised during:	starter.views.delete_todo
Python Executable:	/Users/guyroberts21/Desktop/Projects/django-project/venv/bin/python
Python Version:	3.12.3
Python Path:	
['/Users/guyroberts21/Desktop/Projects/django-project/src',
 '/Library/Frameworks/Python.framework/Versions/3.12/lib/python312.zip',
 '/Library/Frameworks/Python.framework/Versions/3.12/lib/python3.12',
 '/Library/Frameworks/Python.framework/Versions/3.12/lib/python3.12/lib-dynload',
 '/Users/guyroberts21/Desktop/Projects/django-project/venv/lib/python3.12/site-packages']
Server time:	Mon, 09 Dec 2024 11:08:52 +0000
ChatGPT said:
ChatGPT
The error indicates that Django is trying to redirect to a view named index after deleting a Todo item, but it cannot find a URL pattern or view function with that name.

What’s Happening?
In your delete_todo view, there is likely a line like this:

return redirect('index')
Here, index is supposed to be the name of a view or URL pattern, but it has not been defined in your urls.py or views.

How to Fix It
Check and Correct Your URL Patterns

If you want to redirect to the todo_list page after deleting the item, ensure that your urls.py contains a URL pattern named todo_list or index.
Example:
urlpatterns = [
    path('', views.todo_list, name='todo_list'),  # Or use 'index' as the name
]
Update the Redirect in the View

Update the redirect line in your delete_todo view to point to the correct URL pattern name.

If the URL pattern is named todo_list:

from django.shortcuts import redirect

def delete_todo(request, todo_id):
    todo = Todo.objects.get(id=todo_id)
    todo.delete()
    return redirect('todo_list')  # Ensure this matches the URL pattern name
Alternative: Define the index Name in urls.py

If you prefer to keep the redirect('index') in your view, you need to define a URL pattern named index in your urls.py.
urlpatterns = [
    path('', views.todo_list, name='index'),
]
Debugging Tips
Check Existing URL Names: Run the following command to see all available URLs and their names:

python manage.py show_urls
Ensure the name you use in redirect() matches one of these names.

Verify urls.py: Double-check your urls.py file to confirm you’ve correctly named the pattern for the page you want to redirect to.

Example Fixed Code
views.py:
from django.shortcuts import redirect, get_object_or_404
from .models import Todo

def delete_todo(request, todo_id):
    todo = get_object_or_404(Todo, id=todo_id)
    todo.delete()
    return redirect('todo_list')  # Use the name of the URL pattern for the todo list page
urls.py:
from django.urls import path
from . import views

urlpatterns = [
    path('', views.todo_list, name='todo_list'),  # Ensure this matches the redirect name
    path('delete_todo/<int:todo_id>/', views.delete_todo, name='delete_todo'),
]
With these changes, the app will redirect to the correct page after deleting a Todo item.






You said:
Since I've now created this simple TODO app, what other app could I challenge myself to create that will prepare me for creating a project dashboard application? 
ChatGPT said:
ChatGPT
Great job on creating your TODO app! To prepare yourself for building a project dashboard application, you can focus on creating apps that incorporate similar features you'll need in a dashboard. Here are some app ideas to challenge yourself while gaining relevant skills:

1. Expense Tracker
Description: Build an app to track personal expenses or budgets.
Skills You'll Gain:
CRUD operations (Create, Read, Update, Delete) for financial transactions.
User authentication to allow multiple users to manage their expenses.
Filter and sort data (e.g., show transactions by date or category).
Charts and graphs using libraries like Chart.js or Plotly to visualize expenses.
Features:
Add/edit/delete expenses.
Categorize transactions (food, rent, etc.).
Monthly summary and visualization of spending patterns.
How It Helps: You'll practice data aggregation and visualization, which are key components of a project dashboard.
2. Task Management System
Description: Create a task management app where users can create, assign, and monitor tasks.
Skills You'll Gain:
Many-to-many relationships (e.g., tasks assigned to multiple team members).
Role-based access (e.g., admin vs regular users).
Progress tracking and status updates.
Features:
Assign tasks to users.
Track task status (To Do, In Progress, Completed).
Include deadlines and reminders.
Activity logs for tracking updates.
How It Helps: You'll explore team collaboration features, a core aspect of dashboards.
3. Inventory Management System
Description: Create an app for managing inventory for a small business.
Skills You'll Gain:
Handling database relationships (e.g., products, suppliers, and stock levels).
Forms and data validation.
Interactive tables (e.g., filterable or paginated product lists).
Features:
Add/edit/delete products.
Track stock levels and alert low stock.
Generate reports (e.g., stock usage over time).
How It Helps: Practice building actionable summaries and notifications, essential for dashboards.
4. Learning Management System (LMS)
Description: Create a platform where users can enroll in courses and track their learning progress.
Skills You'll Gain:
File uploads (e.g., course materials, assignments).
Dynamic content generation (e.g., quizzes, certificates).
Search and filter functionality for courses.
Features:
User registration and course enrollment.
Progress tracking and completion certificates.
Instructor role for creating and managing courses.
How It Helps: Dashboards often include role-specific views and dynamic content, which you’ll practice here.
5. Customer Support Ticket System
Description: Develop an app where users can submit support tickets and track their resolution status.
Skills You'll Gain:
Notifications (email or in-app alerts) for status updates.
Status workflows (e.g., Open, In Progress, Resolved).
Admin panels for staff to view and manage tickets.
Features:
Submit and categorize tickets (e.g., bug, feature request).
Attach files/screenshots to tickets.
Ticket search and filtering by priority or status.
How It Helps: You'll gain experience managing workflows and statuses, crucial for building effective dashboards.
6. Fitness Tracker
Description: Build an app to log workouts and track fitness progress over time.
Skills You'll Gain:
User input for numerical and categorical data.
Aggregating and visualizing time-series data (e.g., weekly progress).
Integration with APIs (e.g., for weather data when tracking outdoor activities).
Features:
Log workouts (type, duration, calories burned).
Track progress with graphs.
Create and share fitness goals.
How It Helps: Time-series data visualization and tracking progress are essential for dashboards.
7. Blog Management System
Description: Create a platform for users to create and manage blog posts.
Skills You'll Gain:
Rich text editing (using libraries like Quill.js or TinyMCE).
Categorizing and tagging content.
Search engine optimization (SEO) considerations.
Features:
Write/edit/delete blog posts.
Commenting system with moderation.
Display popular and recent posts dynamically.
How It Helps: You'll practice organizing and presenting large datasets attractively, a key aspect of dashboards.
Key Dashboard Skills You’ll Practice:
Data Aggregation: Calculating metrics like totals, averages, or trends.
Visualization: Using charts, tables, and summaries to display key information.
Filtering and Searching: Allowing users to interact with and customize the data they see.
User Authentication and Roles: Different views and permissions for different user types.
Responsive Design: Ensuring the dashboard works well on both desktop and mobile devices.
Choose an app idea that aligns with your interests and builds on the core features you’ll need for your project dashboard. Each of these apps introduces skills and concepts you can later reuse and scale for the dashboard application. Let me know if you'd like help starting with any of these ideas!






You said:
Ok I've decided that I would like to do a task management system - how can I break this up into achieveable milestones for developing ? 
ChatGPT said:
ChatGPT
Memory updated
Great choice, Guy! Developing a task management system can be broken into manageable milestones to ensure steady progress. Here's how you can structure it:

Phase 1: Core Setup
Project Initialization

Set up a new Django project and app.
Configure settings for the database, static files, and templates.
Basic Models

Define models for tasks (e.g., Task with attributes like title, description, status, due_date, etc.).
Migrate models to the database.
Task CRUD Operations

Create basic views for adding, updating, deleting, and viewing tasks.
Test CRUD operations in the Django admin first, then implement in the user interface.
Templates

Create templates for task listing and a basic form for adding a task.
Phase 2: Advanced Features
Task Filtering and Sorting

Add filters for tasks by status (e.g., "To Do," "In Progress," "Completed").
Implement sorting by due date or priority.
Task Details Page

Create a detail view for each task to show more information, like comments or attachments.
Pagination

Add pagination to the task list if you expect a lot of tasks.
Search

Implement a search bar to find tasks by title or description.
Phase 3: User Authentication
User Accounts

Add user registration and login/logout functionality.
Associate tasks with specific users to ensure each user sees only their tasks.
Role Management

Implement role-based access if needed (e.g., admin can edit all tasks, users can edit only their tasks).
Phase 4: Collaboration Features
Task Assignment

Allow tasks to be assigned to users.
Add a dropdown of available users when creating/editing a task.
Notifications

Send email or in-app notifications when tasks are assigned or updated.
Activity Log

Track and display changes made to tasks (e.g., status updates or reassignment).
Phase 5: Visualizations and Reports
Dashboard

Create a simple dashboard showing task statistics (e.g., total tasks, tasks per status).
Add a chart or graph to visualize task progress.
Reports

Generate and download reports (e.g., completed tasks in the last month).
Phase 6: Polish and Deployment
Mobile-Friendly Design

Ensure the app is fully responsive and works well on mobile devices.
Error Handling and Validation

Add meaningful error messages and form validations.
Testing

Test thoroughly for bugs and edge cases.
Deployment

Deploy the app to a hosting platform (e.g., Heroku, AWS) and set up a production database.
Suggested Timeline
Week 1-2: Complete Phases 1 and 2.
Week 3-4: Implement user authentication and collaboration features (Phase 3 and 4).
Week 5-6: Work on visualizations, reports, and deployment (Phases 5 and 6).
By breaking the project into these milestones, you'll make steady progress and avoid feeling overwhelmed. Let me know if you'd like specific guidance on any milestone!






You said:
How do I test the CRUD operations using the django admin ? 
ChatGPT said:
ChatGPT
Testing CRUD operations in the Django admin is a straightforward process since Django automatically provides a user-friendly interface for interacting with your models. Here’s how you can test them step by step:

1. Ensure Admin Access
Create a superuser account to access the Django admin panel:
python manage.py createsuperuser
Follow the prompts to set up a username, email, and password.
2. Register Models in admin.py
Ensure your models are registered in the app's admin.py file. For example:
from django.contrib import admin
from .models import Task

@admin.register(Task)
class TaskAdmin(admin.ModelAdmin):
    list_display = ('title', 'status', 'due_date')  # Customize columns in the list view
    search_fields = ('title', 'description')       # Add a search bar
3. Start the Development Server
Run the development server:
python manage.py runserver
Navigate to the admin panel at http://127.0.0.1:8000/admin.
4. Test CRUD Operations
a. Create
Log in using your superuser credentials.
Find your model (e.g., "Tasks") in the list of registered models.
Click "Add" to create a new entry.
Fill in the form fields and click "Save".
b. Read
After creating a task, you’ll be redirected to the task list page.
View the list of tasks and ensure the details are displayed correctly.
Click on a task to view its details.
c. Update
Select a task from the list.
Modify its fields (e.g., update the status or change the due date).
Click "Save" to confirm the changes.
d. Delete
Select a task from the list.
Click the "Delete" button.
Confirm the deletion in the pop-up.
5. Advanced Admin Features
You can also use the Django admin to test additional features:

Search and Filters: Test the search bar and filters (e.g., by status or due date).
Batch Operations: Use the action menu to delete or update multiple tasks at once.
6. Verify the Database
You can double-check your operations by inspecting the database directly (if needed) using tools like:

The Django shell:
python manage.py shell
from app.models import Task
print(Task.objects.all())
A database GUI (e.g., SQLite Browser or pgAdmin, depending on your database).
Using Django admin is a convenient way to ensure your models and CRUD functionality work as expected before creating custom views or templates. Let me know if you need further help!






You said:
I'm getting this error : 

django.db.utils.OperationalError: no such table: auth_user

2/2

ChatGPT said:
ChatGPT
The error django.db.utils.OperationalError: no such table: auth_user typically occurs when Django cannot find the necessary database table for the built-in auth_user model (used for authentication). This usually happens if the migrations have not been applied correctly.

Here’s how to resolve this issue:

1. Check Migration Status
Run the following command to check which migrations are pending:

python manage.py showmigrations
Look for the auth app (or other apps) and see if any migrations are marked as [ ] (not applied).

2. Apply Migrations
Ensure all migrations are applied:

python manage.py migrate
This command will create the necessary tables in the database, including auth_user.

3. Common Issues
a. Migration Conflicts
If you encounter errors like "no migrations to apply" but the table still doesn’t exist, you may need to reset the migrations:

Fake the initial migrations:

python manage.py migrate --fake auth zero
This resets the migration history for the auth app.

Reapply the migrations:

python manage.py migrate
b. Corrupted Database
If the database was corrupted or improperly initialized:

Delete the existing database file (if using SQLite, it's usually db.sqlite3).
Recreate the database and apply migrations:
python manage.py migrate
c. Custom User Model
If you are using a custom user model, ensure it is correctly configured in settings.py:

AUTH_USER_MODEL = 'your_app.CustomUserModel'
Migrate after defining the model:

python manage.py makemigrations
python manage.py migrate
4. Verify Database Creation
After applying migrations, check the database directly:

Use the Django shell:
python manage.py dbshell
Then, list the tables:
.tables  # (SQLite)
SHOW TABLES;  # (MySQL or PostgreSQL)
5. Final Steps
Once the migrations are applied:

Restart your development server:
python manage.py runserver
Verify that the error is resolved.
Let me know if you encounter any other issues!






You said:
How does the model registering work in Django? I don't understand the code above?

from django.contrib import admin
from .models import Task

@admin.register(Task)
class TaskAdmin(admin.ModelAdmin):
    list_display = ('title', 'status', 'due_date')  # Customize columns in the list view
    search_fields = ('title', 'description')       # Add a search bar
ChatGPT said:
ChatGPT
Model registration in Django is the process of linking your database models to the Django admin site so you can manage them via the provided interface. Let’s break down the code step by step:

1. Importing Required Modules
from django.contrib import admin
from .models import Task
admin: Django’s built-in admin module provides the tools to register and customize models for the admin site.
Task: This is the model you want to manage in the admin interface.
2. Decorating with @admin.register(Task)
@admin.register(Task)
This is a decorator that registers the Task model with the admin site.
It associates the model with a custom admin configuration class, in this case, TaskAdmin.
Without the decorator, you could register the model explicitly like this:

admin.site.register(Task, TaskAdmin)
3. Defining the Admin Configuration Class
class TaskAdmin(admin.ModelAdmin):
    list_display = ('title', 'status', 'due_date')  # Customize columns in the list view
    search_fields = ('title', 'description')       # Add a search bar
The TaskAdmin class is where you customize how the model appears and behaves in the admin interface. It inherits from admin.ModelAdmin, which provides many options for customization.

Key Attributes:
list_display:

list_display = ('title', 'status', 'due_date')
Specifies the fields that will appear as columns in the list view of the admin.
These fields must be attributes of your Task model.
search_fields:

search_fields = ('title', 'description')
Adds a search bar to the admin page.
Specifies the fields that can be searched (e.g., searching by task title or description).
4. What Happens When You Run the Code?
Django Admin Page Changes:

After registering the model, the Task model will appear in the Django admin site under your app’s name.
The list view of Task will include the columns specified in list_display.
You can search for tasks using the fields in search_fields.
Behind the Scenes:

Django uses the TaskAdmin class to dynamically generate the admin interface for the Task model.
It also creates routes and views to handle operations like create, read, update, and delete for this model.
Why Use This Customization?
Customizing the admin interface provides several benefits:

Improves usability for admins by displaying important information clearly.
Speeds up common tasks like searching and filtering.
Tailors the admin page to your application's specific needs.
Example Walkthrough
Model Example (models.py):

from django.db import models

class Task(models.Model):
    title = models.CharField(max_length=255)
    description = models.TextField()
    status = models.CharField(max_length=50, choices=[('Pending', 'Pending'), ('Completed', 'Completed')])
    due_date = models.DateField()
Admin Configuration (admin.py):

from django.contrib import admin
from .models import Task

@admin.register(Task)
class TaskAdmin(admin.ModelAdmin):
    list_display = ('title', 'status', 'due_date')
    search_fields = ('title', 'description')
Outcome in Django Admin:

The Task model appears on the admin site.
Tasks are displayed in a table with columns for Title, Status, and Due Date.
A search bar is available for looking up tasks by their title or description.
Let me know if you'd like clarification on any specific part!






You said:
What model type can I use for the status field ? 
ChatGPT said:
ChatGPT
For the status field in your model, you can use a CharField with the choices option to restrict the field to predefined values. This is ideal for a status field where the value must be selected from a limited set of options, such as "Pending," "Completed," or "In Progress."

Here’s an example implementation:

Example Model for status
from django.db import models

class Task(models.Model):
    STATUS_CHOICES = [
        ('Pending', 'Pending'),
        ('In Progress', 'In Progress'),
        ('Completed', 'Completed'),
    ]

    title = models.CharField(max_length=255)
    description = models.TextField(blank=True)
    status = models.CharField(
        max_length=20,
        choices=STATUS_CHOICES,
        default='Pending',
    )
    due_date = models.DateField()

    def __str__(self):
        return self.title
Explanation of the status Field
models.CharField:

CharField is used for storing short strings.
max_length=20 ensures the field can accommodate the longest status ("In Progress").
choices:

The choices parameter restricts the possible values for the field.
Each choice is a tuple of two elements:
The first element is the actual value stored in the database (e.g., 'Pending').
The second element is the human-readable name displayed in forms and the admin interface (e.g., 'Pending').
default:

Sets a default value for the field if no value is provided during record creation.
Validation:

Django enforces that the value for the status field must be one of the defined choices.
This ensures data integrity in your database.
Why Use choices for Status?
Consistency: Limits the field to predefined, valid options.
Ease of Use: Automatically generates dropdowns for the field in Django admin and forms.
Readability: Provides user-friendly names for the options while storing concise values in the database.
Alternative: Using an IntegerField
If you want to store the status as an integer (e.g., for performance reasons or when integrating with systems that expect numeric codes), you can use an IntegerField with choices:

class Task(models.Model):
    STATUS_CHOICES = [
        (1, 'Pending'),
        (2, 'In Progress'),
        (3, 'Completed'),
    ]

    title = models.CharField(max_length=255)
    description = models.TextField(blank=True)
    status = models.IntegerField(
        choices=STATUS_CHOICES,
        default=1,
    )
    due_date = models.DateField()
In this case:

The database stores integers (1, 2, 3).
Forms and admin display the corresponding human-readable names ("Pending," "In Progress," "Completed").
When to Use Each?
CharField with choices: Use when the options are textual and human-readable (e.g., "Pending").
IntegerField with choices: Use when numeric codes are needed (e.g., for system integration or performance considerations).
Let me know if you need further clarification!






You said:
Why is the python manage.py makemigrations not detecting my changes in Django ? 
ChatGPT said:
ChatGPT
If python manage.py makemigrations is not detecting changes in your Django models, there could be several reasons for this. Below are common causes and solutions:

1. The App is Not Installed
Ensure that the app where you made the model changes is listed in the INSTALLED_APPS setting in settings.py.
Solution:

# settings.py
INSTALLED_APPS = [
    ...
    'your_app_name',  # Add your app here
]
2. Unsaved Changes
If you modified your models but didn’t save the file, makemigrations won’t detect changes.
Solution:

Save the file in your code editor and rerun the command.
3. Syntax Errors in Models
Syntax errors in your model file can prevent Django from detecting changes.
Solution:

Check for and fix any syntax errors in your models.py file.
4. Migration File Exists but Isn't Applied
If you’ve already created a migration file for the changes but didn’t apply it, Django may not detect further changes.
Solution:

Apply the migrations:
python manage.py migrate
5. Database Backend Doesn't Support the Change
Some model changes might not be recognized as requiring a migration, depending on the database backend and the type of change.
Solution:

Force a migration file to be created by running:
python manage.py makemigrations your_app_name
6. No Detectable Changes
Certain changes in your model may not require a database migration (e.g., changes to methods, string representations like __str__).
Solution:

Verify that your changes are model-related and involve fields or database-related properties.
7. Issues with __init__.py
If your app or model files are not being loaded correctly due to issues with the __init__.py file, makemigrations may not detect changes.
Solution:

Ensure your app folder contains a valid __init__.py file (even if it's empty).
8. Corrupted Migrations Folder
A corrupted or missing migrations folder can cause issues.
Solution:

Verify the presence of the migrations folder in your app. If it's missing, create it and include an empty __init__.py file.
Debugging Tips
Run makemigrations in verbose mode to get detailed output:

python manage.py makemigrations --verbosity 3
This can help identify the issue.

Check if Django is recognizing your app and models:

python manage.py showmigrations
If nothing else works, you can reset migrations (be cautious and back up your database):

find . -path "*/migrations/*.py" -not -name "__init__.py" -delete
python manage.py makemigrations
python manage.py migrate --fake
If you're still having issues, let me know the specifics, and I can provide further guidance!






You said:
Here is what i have :

python manage.py migrate
Operations to perform:
  Apply all migrations: admin, auth, contenttypes, sessions
Running migrations:
  No migrations to apply.
ChatGPT said:
ChatGPT
The output indicates that Django has no new migrations to apply, meaning it thinks the database schema is already up-to-date. However, if you're expecting a new migration because of changes to your models, this suggests one of the following issues:

Possible Causes and Solutions
Changes Are Not Recognized

The changes to your models might not be recognized as requiring a migration.
Solution:

Run makemigrations explicitly for your app to see if it recognizes the changes:

python manage.py makemigrations your_app_name
If this does not work, double-check your changes to ensure they involve model fields or database-relevant aspects.

App Is Not Listed in INSTALLED_APPS

If your app is not included in the INSTALLED_APPS setting, Django won’t track its models.
Solution:

Verify that your app is included in INSTALLED_APPS in settings.py:
INSTALLED_APPS = [
    ...,
    'your_app_name',
]
Migration Files Are Missing or Corrupted

If the migrations folder is missing or incomplete, Django won't generate or apply migrations correctly.
Solution:

Ensure your app has a migrations folder with an __init__.py file:
your_app/
  └── migrations/
      └── __init__.py
If the folder is missing, create it manually and include an empty __init__.py file.
Changes Are Not in a Model-Related File

If the changes are in files other than models.py, Django might not recognize them.
Solution:

Ensure your changes are in models.py or files explicitly defining models.
Migration State Mismatch

Django might think the migrations are applied, but the database doesn't reflect the changes.
Solution:

Check the migration history:
python manage.py showmigrations
If migrations are missing, you might need to reset or fake them:
python manage.py migrate your_app_name zero
python manage.py makemigrations
python manage.py migrate
Database Schema Already Matches

If you manually modified the database schema (not recommended), Django might assume no migration is necessary.
Solution:

Avoid manual database changes. If done, reset migrations to sync with the database:
python manage.py makemigrations --empty your_app_name
python manage.py migrate --fake-initial
Debugging Steps
Verbose Mode for Migrations Run makemigrations in verbose mode to understand what Django is detecting:

python manage.py makemigrations --verbosity 3
Inspect Model and Database

Verify your model changes and compare the database schema to ensure they differ.
Check Migration History

Use showmigrations to see if Django thinks migrations have already been applied.
Start Fresh (Only If Necessary)

Delete old migration files and recreate them:
find . -path "*/migrations/*.py" -not -name "__init__.py" -delete
python manage.py makemigrations
python manage.py migrate
If these steps don’t resolve the issue, share the specifics of your models.py and changes made so I can provide tailored advice!


2/2

You said:
Uploaded image
I want my task management application to mimic the kind of structures here. 

Am I right in thinking that the projects and PWRs are connected to one another via a Program? 
ChatGPT said:
ChatGPT
Yes, you're correct! From the code you shared in the image, the structure suggests that Projects and PWRs (Power Requirements) are connected to a Program via a foreign key relationship. Here's how this connection is set up:

ProgramName Model:

Represents the overarching "Program" entity.
Both projects and PWRs are linked to a program via a ForeignKey.
AddProject Model:

Has a foreign key to ProgramName, meaning each project is associated with a single program.
The model also includes fields like OBN, PM, and others specific to the project.
AddPwr Model:

Has a foreign key to ProgramName, meaning each PWR is also tied to a specific program.
Contains fields like PWR, PM Assigned, and Requirements.
Implications of This Structure
Both Projects and PWRs belong to a specific Program. This ensures that all data can be grouped and retrieved based on the program.
If a program is deleted, all its associated projects and PWRs are also removed (on_delete=models.CASCADE).
Suggestions for Task Management
If you're modeling your task management system on this structure, consider:

Programs as High-Level Categories:

Each program can represent a major goal or category of tasks.
Tasks and Subtasks:

Tasks could be modeled similarly to projects (e.g., each task belongs to a program).
Subtasks could mimic the AddPwr model, where they belong to both a task and a program.
Relationships Between Entities:

You could create models like Task, SubTask, and Category and connect them using foreign keys, just like in the structure above.
Let me know if you'd like help designing your task management system based on this example!






You said:
I’m now a little confused as have discovered that PWRs are projects - does this change anything ?
ChatGPT said:
ChatGPT
If PWRs are indeed projects, this simplifies the structure somewhat, as you don't need to treat Projects and PWRs as entirely separate entities. Instead, they could be unified under a single Project model with an attribute to distinguish PWRs from other types of projects.

Here’s how this clarification impacts the structure and relationships:

Updated Understanding
Programs remain the overarching entity that groups multiple projects (including PWRs).
Projects (or PWRs) are all part of the same Project model, and you can add a field like type or category to differentiate between PWRs and other types of projects.
Revised Model Design
Here’s how you might revise the models:

from django.db import models

class Program(models.Model):
    name = models.CharField(max_length=100)

    def __str__(self):
        return self.name


class Project(models.Model):
    PROGRAM_TYPE_CHOICES = [
        ('PWR', 'Power Requirement'),
        ('GEN', 'General Project'),
    ]

    program = models.ForeignKey(Program, on_delete=models.CASCADE)
    title = models.CharField(max_length=100)
    type = models.CharField(max_length=3, choices=PROGRAM_TYPE_CHOICES)  # Distinguishes PWRs
    description = models.TextField()
    manager = models.CharField(max_length=100)  # Project Manager (PM)
    due_date = models.DateField()
    created_at = models.DateTimeField(auto_now_add=True)

    def __str__(self):
        return self.title
Key Points
Unifying Projects and PWRs:

By using a single Project model with a type field (or a similar mechanism), you simplify your schema and avoid redundancy.
The type field allows you to filter projects by their nature (e.g., all PWRs or general projects).
Relationships Remain Intact:

Projects are still linked to a Program via a ForeignKey, ensuring that programs group related projects.
Deletion Behavior:

If a Program is deleted, all associated projects (both general projects and PWRs) will be deleted as well due to on_delete=models.CASCADE.
Querying:

You can easily query PWRs or other types of projects:
pwrs = Project.objects.filter(type='PWR')
Future Flexibility:

This design is more scalable, allowing for additional project types in the future without adding new models.
Does This Change Anything for Your Plan?
This understanding doesn’t drastically alter your overall application design but unifies your data model, making it more consistent and manageable.
In your task management system, you can now treat "task categories" (like PWRs vs. general tasks) similarly.
Let me know if you'd like help updating your code or further clarification!






You said:
Is this the correct way to create my models that reflect the hierarchical structure? 

# models.py
from django.db import models
from django.utils import timezone

class Project(models.Model): 
    title = models.CharField(max_length=100)
    
    def __str__(self):
        return self.title

class Task(models.Model):
    STATUS_CHOICES = [
        (1, 'Pending'),
        (2, 'In Progress'),
        (3, 'Completed'),
    ]

    project = models.ForeignKey(Project, on_delete=models.CASCADE)
    title = models.CharField(max_length=100)
    description = models.TextField(blank=True, null=True)
    status = models.IntegerField(
        choices=STATUS_CHOICES,
        default=1,
    )
    due_date = models.DateTimeField(default=timezone.now)

    def __str__(self):
        return self.title
ChatGPT said:
ChatGPT
Your approach for creating models to reflect a hierarchical structure is mostly correct and a good starting point. Here's an evaluation of your implementation and suggestions for improvement:

What Works Well:
Hierarchical Structure:

You’ve correctly used a ForeignKey in the Task model to establish a one-to-many relationship between Project and Task. This reflects that a project can have multiple tasks.
Status Choices:

Using choices for the status field is a great way to ensure consistency and readability in your data.
Default Values:

You’ve set a default value for status and due_date, which ensures new tasks will have meaningful initial values.
String Representation:

Adding __str__ methods makes it easier to debug and view model objects in Django's admin panel or the shell.
Suggested Improvements:
Add a Timestamp for Task Creation:

Include created_at and updated_at fields to track when a task was created or last modified. This can be helpful for auditing or sorting tasks.
created_at = models.DateTimeField(auto_now_add=True)
updated_at = models.DateTimeField(auto_now=True)
Limit String Length in __str__:

If task or project titles are long, the __str__ representation may become unwieldy. Consider truncating the title:
def __str__(self):
    return self.title[:50]
Refactor STATUS_CHOICES:

Instead of using integers for STATUS_CHOICES, you could use named constants to make your code more readable:
PENDING = 1
IN_PROGRESS = 2
COMPLETED = 3

STATUS_CHOICES = [
    (PENDING, 'Pending'),
    (IN_PROGRESS, 'In Progress'),
    (COMPLETED, 'Completed'),
]

status = models.IntegerField(choices=STATUS_CHOICES, default=PENDING)
Optional Enhancements:

Priority Field: Add a field to prioritize tasks:
priority = models.IntegerField(default=1, help_text="1 = Highest priority, larger numbers are lower priority")
Dependencies: If tasks can depend on one another, add a ManyToManyField:
dependencies = models.ManyToManyField('self', blank=True, symmetrical=False, related_name='dependent_tasks')
Updated Models:
Here’s the revised version of your code with these enhancements:

from django.db import models
from django.utils import timezone

class Project(models.Model):
    title = models.CharField(max_length=100)

    def __str__(self):
        return self.title[:50]  # Truncate title for readability


class Task(models.Model):
    PENDING = 1
    IN_PROGRESS = 2
    COMPLETED = 3

    STATUS_CHOICES = [
        (PENDING, 'Pending'),
        (IN_PROGRESS, 'In Progress'),
        (COMPLETED, 'Completed'),
    ]

    project = models.ForeignKey(Project, on_delete=models.CASCADE)
    title = models.CharField(max_length=100)
    description = models.TextField(blank=True, null=True)
    status = models.IntegerField(choices=STATUS_CHOICES, default=PENDING)
    due_date = models.DateTimeField(default=timezone.now)
    created_at = models.DateTimeField(auto_now_add=True)
    updated_at = models.DateTimeField(auto_now=True)

    def __str__(self):
        return self.title[:50]
Next Steps:
Migrate the Models:

Run python manage.py makemigrations and python manage.py migrate to update the database schema.
Register Models in Admin:

Add these models to the Django admin site to manage them easily:
from django.contrib import admin
from .models import Project, Task

@admin.register(Project)
class ProjectAdmin(admin.ModelAdmin):
    list_display = ('title',)

@admin.register(Task)
class TaskAdmin(admin.ModelAdmin):
    list_display = ('title', 'project', 'status', 'due_date')
    list_filter = ('status', 'project')
    search_fields = ('title', 'description')
Add Views and Templates:

Build out views and templates to list projects and tasks, add/edit/delete them, and manage their statuses.
Test the Application:

Verify the relationships between Project and Task by creating, retrieving, updating, and deleting data via Django’s admin panel or views.
With these changes, your model hierarchy will be more robust, flexible, and easier to manage. Let me know if you need help with the next steps!






You said:
Why might I be getting this error when running migrate command?

    raise e.__class__(
TypeError: Field 'id' expected a number but got datetime.datetime(2024, 12, 9, 16, 19, 13, 572590, tzinfo=datetime.timezone.utc).
ChatGPT said:
ChatGPT
This error typically occurs when there’s a mismatch between the type of data stored in the database and what Django expects. Specifically, it seems that Django expects the id field to contain an integer (the default primary key type), but it found a datetime value instead. This can happen due to one of the following reasons:

1. Custom Primary Key Field Defined Incorrectly
If you’ve explicitly defined the id field (or another primary key field) in one of your models and assigned a non-integer type (like DateTimeField), Django might raise this error.

Example of a Potential Issue:
class Task(models.Model):
    id = models.DateTimeField(primary_key=True)  # Incorrect type for primary key
    # other fields...
Solution:
Ensure the id field is either omitted (Django will automatically create an integer-based primary key) or explicitly defined as an AutoField (default) or another integer-based type.

2. Corrupted or Mismatched Migration Files
If there’s a mismatch between your migration files and the database schema (e.g., a migration file defines a DateTimeField as a primary key but the database expects an integer), this error might occur.

Solution:
Delete Migrations (Carefully):

Delete the migration files in your app’s migrations directory (except __init__.py).
Reset the database:
python manage.py flush
Note: This will remove all data in the database.
Recreate Migrations:

Run:
python manage.py makemigrations
python manage.py migrate
3. Incorrect Data in the Database
If you manually modified the database (e.g., using a database management tool or raw SQL) and inserted a datetime value into the id field, Django might fail during migration.

Solution:
Inspect the problematic table directly using a database client (e.g., SQLite, PostgreSQL, etc.).
Check the id column for unexpected datetime values.
Correct the data type of the id column and any invalid values.
4. Conflict with Default Field Values
If your model has a field (not the primary key) with a default value that’s incompatible with its type, Django might incorrectly assign this value during migrations.

Example of a Potential Issue:
class Task(models.Model):
    created_at = models.DateTimeField(default='2024-12-09')  # Incorrect default format
    # other fields...
Solution:
Ensure all default values in your models match the field’s expected type.

Debugging Steps:
Check the Affected Model:

Look at your model definitions for any custom primary key fields or fields that might cause type mismatches.
Inspect the Migration File:

Open the migration file that caused the error (inside the migrations directory).
Verify the operations (e.g., AddField, AlterField) and ensure they align with your model definitions.
Verify Database Schema:

Check the table structure in the database to ensure the id column (or other fields) has the correct type.
Run Migrations in Verbose Mode:

Run:
python manage.py migrate --verbosity 3
This will provide more detailed output to pinpoint the issue.
If you can share your models.py and migration files, I can help debug further!






You said:
Why do I get this error when creating a new project from my code?

OperationalError at /admin/home/project/add/
no such table: home_project
Request Method:	POST
Request URL:	http://127.0.0.1:8000/admin/home/project/add/
Django Version:	5.1.3
Exception Type:	OperationalError

// admin.py:
from django.contrib import admin
from .models import Task, Project

@admin.register(Project)
class ProjectAdmin(admin.ModelAdmin):
    list_display = ('title',)

@admin.register(Task)
class TaskAdmin(admin.ModelAdmin):
    list_display = ('title', 'project', 'status', 'due_date')
    list_filter = ('status', 'project')
    search_fields = ('title', 'description')

// models.py:
# models.py
from django.db import models
from django.utils import timezone

class Project(models.Model): 
    title = models.CharField(max_length=100)
    
    def __str__(self):
        return self.title[:50]

class Task(models.Model):
    STATUS_CHOICES = [
        (1, 'Pending'),
        (2, 'In Progress'),
        (3, 'Completed'),
    ]

    project = models.ForeignKey(Project, on_delete=models.CASCADE)
    title = models.CharField(max_length=100)
    description = models.TextField(blank=True, null=True)
    status = models.IntegerField(
        choices=STATUS_CHOICES,
        default=1,
    )
    due_date = models.DateTimeField(default=timezone.now)

    def __str__(self):
        return self.title[:50]
ChatGPT said:
ChatGPT
This error, OperationalError: no such table: home_project, occurs when Django tries to query a table (home_project) in the database, but the table doesn't exist. This often happens if the migrations for the model were not created or applied correctly. Here's how you can resolve this:

Steps to Fix
Check the App Name in Your Project

Ensure the Project and Task models are in an app called home (as indicated by home_project in the error). If the app is named differently, double-check that you’ve updated your app's models.py file and migrations correctly.
Verify Migrations Are Created

Check if a migration file exists for the Project and Task models in the migrations directory of your app (e.g., home/migrations/).
If you don’t see a migration file for these models:
python manage.py makemigrations
Apply Migrations

Run the following to apply the migrations:
python manage.py migrate
Clear Stale or Conflicting Migrations

If the above steps don’t work, you might have stale or incomplete migrations. Follow these steps:
Delete all migration files in the home/migrations/ directory (except __init__.py).
Reset the database schema (you will lose data):
python manage.py flush
Recreate and apply the migrations:
python manage.py makemigrations
python manage.py migrate
Inspect Database Schema

After applying migrations, use a database tool (e.g., SQLite browser, pgAdmin, etc.) or Django’s dbshell to confirm the home_project table exists:
python manage.py dbshell
Additional Tips
App Registration: Ensure your app (e.g., home) is listed in the INSTALLED_APPS section of your settings.py file:

INSTALLED_APPS = [
    # other apps
    'home',
]
Migration Conflicts: If you've renamed or moved models between apps, Django may not correctly detect changes. Use the --check flag to debug:

python manage.py makemigrations --check
Testing
After applying the fixes, try adding a new Project via the admin panel to ensure the home_project table is now accessible. Let me know if the issue persists or if you encounter further errors!






You said:
Does this look normal? 

venvguyroberts21@Mac src % python manage.py makemigrations
Migrations for 'home':
  home/migrations/0001_initial.py
    + Create model Project
    + Create model Task
venvguyroberts21@Mac src % python manage.py migrate       
Operations to perform:
  Apply all migrations: admin, auth, contenttypes, home, sessions
Running migrations:
  No migrations to apply.
ChatGPT said:
ChatGPT
The output for makemigrations and migrate appears mostly normal, but there are a few points to verify:

Migrations Created:

python manage.py makemigrations indicates that a migration file (0001_initial.py) was created for the home app, which looks correct since it includes the creation of your Project and Task models.
No New Migrations:

python manage.py migrate says "No migrations to apply," which is unexpected if you're running this for the first time. This could indicate:
The migrations were already applied previously.
There is a mismatch between the migration state in the database and the migrations files.
Troubleshooting Steps
If you're still seeing issues (e.g., missing the home_project table):

1. Check the Migration State
Run the following command to verify whether the migration for home has been applied:

python manage.py showmigrations
You should see something like this:

home
 [X] 0001_initial
If the migration is unchecked (no [X]), it means it wasn’t applied.

2. Fake Apply the Migration
If showmigrations indicates the migration is missing (unchecked), but the database thinks the migration has already run, you can force Django to apply it without re-executing SQL:

python manage.py migrate home 0001 --fake
3. Reapply Migrations
If the issue persists, you can reset the migration state entirely for the home app:

Roll back any applied migrations for home:
python manage.py migrate home zero
Recreate and reapply the migrations:
python manage.py makemigrations
python manage.py migrate
4. Check the Database Directly
If the migration still doesn't seem to work:

Open your database shell:
python manage.py dbshell
Look for the home_project table:
.tables  # For SQLite
SHOW TABLES;  # For MySQL/PostgreSQL
If home_project doesn't exist, something went wrong with your migration application.

Let me know what showmigrations shows, and we can investigate further!






You said:
venvguyroberts21@Mac src % python manage.py showmigrations

admin
 [X] 0001_initial
 [X] 0002_logentry_remove_auto_add
 [X] 0003_logentry_add_action_flag_choices
auth
 [X] 0001_initial
 [X] 0002_alter_permission_name_max_length
 [X] 0003_alter_user_email_max_length
 [X] 0004_alter_user_username_opts
 [X] 0005_alter_user_last_login_null
 [X] 0006_require_contenttypes_0002
 [X] 0007_alter_validators_add_error_messages
 [X] 0008_alter_user_username_max_length
 [X] 0009_alter_user_last_name_max_length
 [X] 0010_alter_group_name_max_length
 [X] 0011_update_proxy_permissions
 [X] 0012_alter_user_first_name_max_length
contenttypes
 [X] 0001_initial
 [X] 0002_remove_content_type_name
home
 [X] 0001_initial
sessions
 [X] 0001_initial
ChatGPT said:
ChatGPT
Your showmigrations output confirms that the migration for your home app (0001_initial) has been successfully applied ([X] next to 0001_initial). This means that Django considers the database schema for your home app (including the Project and Task tables) up to date.

However, if you're still encountering errors related to missing tables (like no such table: home_project), it suggests that something went wrong during the database migration or the database itself.

Steps to Resolve Missing Table Issue
Confirm the Table Exists in the Database

Open your database shell to directly inspect the tables:
python manage.py dbshell
For SQLite, run:
.tables
For PostgreSQL or MySQL, run:
SHOW TABLES;
Look for the table home_project. If it's missing, proceed to step 2.
Reapply the Migration

Roll back the home app's migrations:
python manage.py migrate home zero
Recreate and reapply the migrations:
python manage.py makemigrations
python manage.py migrate
Verify Migration Logs

Run the migration command with verbosity to see more details:
python manage.py migrate --verbosity 3
Check for any errors or skipped migrations.
Check for Migration Conflicts

If multiple developers are working on the project or if migrations were manually modified, there could be conflicts.
Delete and recreate migrations only if necessary:
rm home/migrations/0001_initial.py
python manage.py makemigrations
python manage.py migrate
Clear and Rebuild the Database (if needed)

If the above steps fail and this is a development environment, you can clear and recreate the database:
rm db.sqlite3  # Replace with your database file name
python manage.py migrate
Test Admin Again

Once the migration is successful, try adding a Project again via the Django admin.
Let me know what the .tables command shows or if reapplying migrations resolves the issue!






You said:
sqlite> .tables
auth_group                  django_admin_log          
auth_group_permissions      django_content_type       
auth_permission             django_migrations         
auth_user                   django_session            
auth_user_groups            home_task                 
auth_user_user_permissions
ChatGPT said:
ChatGPT
The output of .tables shows that the home_task table exists, but the home_project table is missing. This confirms that the migration for the Project model wasn't applied correctly or that the table creation was skipped.

Steps to Fix the Missing home_project Table
Inspect the Migration File

Open the home/migrations/0001_initial.py file and confirm that the Project model is included. Look for something like:
migrations.CreateModel(
    name='Project',
    fields=[
        ('id', models.AutoField(auto_created=True, primary_key=True, serialize=False, verbose_name='ID')),
        ('title', models.CharField(max_length=100)),
    ],
),
If the Project model is missing, it wasn't included in the migration. You can regenerate migrations (see step 3).
Rollback and Reapply Migrations

First, roll back migrations for the home app:
python manage.py migrate home zero
Then reapply migrations:
python manage.py makemigrations
python manage.py migrate
Regenerate the Migration File

If the Project model isn't in 0001_initial.py, delete the current migration file:
rm home/migrations/0001_initial.py
Recreate migrations:
python manage.py makemigrations
Apply the migrations:
python manage.py migrate
Test with Verbosity

Run the migration command with detailed output to ensure no issues:
python manage.py migrate --verbosity 3
Confirm the Table Exists

After running the above commands, return to the database shell and run .tables again. You should now see the home_project table:
python manage.py dbshell
.tables
Why Did This Happen?
The most likely causes are:
The Project model was added after the initial migration was created but before running makemigrations again.
There was an issue with how the migration file was applied.
Following the above steps should fix the issue. Let me know how it goes!






You said:
Here is what I have - I'm confused why the home_project doesn't exist?

    operations = [
        migrations.CreateModel(
            name='Project',
            fields=[
                ('id', models.BigAutoField(auto_created=True, primary_key=True, serialize=False, verbose_name='ID')),
                ('title', models.CharField(max_length=100)),
            ],
        ),
        migrations.CreateModel(
            name='Task',
            fields=[
                ('id', models.BigAutoField(auto_created=True, primary_key=True, serialize=False, verbose_name='ID')),
                ('title', models.CharField(max_length=100)),
                ('description', models.TextField(blank=True, null=True)),
                ('status', models.IntegerField(choices=[(1, 'Pending'), (2, 'In Progress'), (3, 'Completed')], default=1)),
                ('due_date', models.DateTimeField(default=django.utils.timezone.now)),
                ('project', models.ForeignKey(on_delete=django.db.models.deletion.CASCADE, to='home.project')),
            ],
        ),
ChatGPT said:
ChatGPT
The migration file clearly indicates that the Project model should have been created as part of the migration, so if the home_project table is missing, it suggests one of the following possibilities:

Possible Issues
The Migration Wasn't Fully Applied

Sometimes migrations run partially, especially if an error occurred during the migration process. Although Django might log the migration as applied, it may not have created all tables.
Database Corruption or Misconfiguration

There could be an issue with the SQLite database, where some schema changes were not applied properly.
The Migration State is Out of Sync

The django_migrations table might indicate that the migration was applied, but the actual database schema doesn't reflect this.
Foreign Key Constraint Issue

The foreign key reference from Task to Project could have failed silently due to missing or improperly ordered migrations.
Steps to Diagnose and Resolve
1. Verify Migration State
Run the following commands to check the migration state:

python manage.py showmigrations
Ensure that the home app's 0001_initial migration is marked as applied ([X]).

2. Check the django_migrations Table
Open the SQLite shell and query the django_migrations table to confirm the migration is recorded:

python manage.py dbshell
SELECT * FROM django_migrations WHERE app = 'home';
If the 0001_initial migration is listed, it means Django thinks the migration was applied, even if the home_project table is missing.

3. Inspect the Database Schema
Check whether the home_project table exists in the database:

python manage.py dbshell
.tables
If the table is missing, Django’s migration state and the database schema are out of sync.

4. Reset the Migrations for the home App
If the table is missing but the migration is marked as applied, reset the migrations for the home app:

python manage.py migrate home zero
python manage.py migrate
This will recreate the tables based on the migration file.

5. Reapply Migrations with Verbosity
Apply migrations with verbose output to catch any errors:

python manage.py migrate --verbosity 3
6. Check for Foreign Key Dependencies
Ensure that the foreign key in the Task model is correctly referencing the Project model. Sometimes the ordering of migrations can cause issues, but in this case, both models are part of the same migration, so this shouldn't be a problem.

7. Recreate the Database (If Necessary)
As a last resort, if none of the above works, you can delete the database and start fresh:

rm db.sqlite3
python manage.py migrate
Be cautious with this step as it will delete all existing data.

Key Insights
If the Task table exists but the Project table does not, this is highly unusual since both are defined in the same migration file. This suggests a partial migration issue or a database-level error.
The migrations.CreateModel operation for Project is correct, so the issue is not with the code.
Try these steps and let me know where the issue arises!






You said:
Going back to the original plan - as things are now working as expected - to create a task management system, I have currently designed both the Project and Task models where tasks are sub-components of the project. 

Are there any other models I should consider creating before proceeding with further development and UI creation? 

I'm a little confused about what a project management system involves, and what it would actually be used for ?
ChatGPT said:
ChatGPT
Memory updated
It's great that you've started with the Project and Task models! These are core components of most task management systems. To expand and add more functionality, consider the following models, depending on the complexity you want to achieve:

1. User (if you're not already using Django's default user model)
Purpose: Allow multiple users to use the system, assigning tasks or projects to specific users.
Fields:
Username, email, and password (or use Django's built-in authentication).
Profile details (optional).
2. Team or Group
Purpose: Enable collaboration by grouping users into teams, each with their own set of projects and tasks.
Fields:
Team name.
Members (many-to-many relationship with User).
3. Comment or Note
Purpose: Allow users to add comments or notes to tasks for context or updates.
Fields:
Text content.
Author (linked to User).
Timestamp.
Linked to Task.
4. Milestone
Purpose: Break a project into significant checkpoints or phases.
Fields:
Title.
Due date.
Linked to Project.
5. Priority
Purpose: Categorize tasks based on their importance.
Fields:
Label (e.g., Low, Medium, High).
Linked to Task.
6. File Attachment
Purpose: Allow users to upload files related to tasks or projects.
Fields:
File field.
Linked to Task or Project.
Uploaded by (linked to User).
7. Notification or Reminder
Purpose: Notify users of task deadlines or updates.
Fields:
Notification message.
Linked to User and/or Task.
Read/unread status.
What is a Project Management System Used For?
A project management system helps individuals or teams plan, organize, track, and manage their work. It’s used for:

Task Assignment: Assigning tasks to team members and tracking progress.
Collaboration: Sharing updates, files, and notes within a team.
Timeline Management: Monitoring deadlines, milestones, and dependencies.
Priority Tracking: Ensuring critical tasks are completed first.
Reporting: Viewing the overall progress or status of projects.
Suggestions for Next Steps:
Think About Use Cases:
Will this system be used by teams, individuals, or both?
Is collaboration or reporting a priority?
Define Features Based on Needs:
For individual use, you may need simple models (Project, Task, Priority).
For team use, you might need Users, Teams, Comments, and Notifications.
Plan Your UI:
Design mockups for task lists, project overviews, and detail pages.
Would you like to explore the architecture for adding any of the above features?






You said:
So I think the main purpose of the application would be to provide an overview of all the existing projects and tasks, with the ability to see a dashboard to show the progress. How might this change the model? 

I can still add user authentication - but will work on this after settings up other things. 
ChatGPT said:
ChatGPT
Memory updated
To incorporate the purpose of providing an overview and a progress dashboard, you might need to update your models slightly to include fields for tracking progress and categorizing tasks/projects. Here are some recommendations:

Updated Models:
1. Project Model
class Project(models.Model): 
    title = models.CharField(max_length=100)
    description = models.TextField(blank=True, null=True)
    start_date = models.DateField(blank=True, null=True)
    end_date = models.DateField(blank=True, null=True)
    completion_percentage = models.DecimalField(max_digits=5, decimal_places=2, default=0.0)  # Tracks overall progress

    def __str__(self):
        return self.title
2. Task Model
class Task(models.Model):
    STATUS_CHOICES = [
        (1, 'Pending'),
        (2, 'In Progress'),
        (3, 'Completed'),
    ]

    project = models.ForeignKey(Project, on_delete=models.CASCADE, related_name="tasks")
    title = models.CharField(max_length=100)
    description = models.TextField(blank=True, null=True)
    status = models.IntegerField(choices=STATUS_CHOICES, default=1)
    due_date = models.DateTimeField(blank=True, null=True)
    completion_percentage = models.DecimalField(max_digits=5, decimal_places=2, default=0.0)  # Tracks individual task progress

    def __str__(self):
        return self.title
Additional Features to Add:
Categorization or Labels: Add a Tag or Category model to allow tasks/projects to be grouped or filtered by type.

class Tag(models.Model):
    name = models.CharField(max_length=50)
    def __str__(self):
        return self.name
Priority Levels: Add a priority field to tasks.

priority = models.IntegerField(choices=[(1, 'Low'), (2, 'Medium'), (3, 'High')], default=2)
Progress Calculations: Create methods to automatically calculate the overall progress of a project based on its tasks' statuses.

Deadline Notifications: Add a reminder_date field to tasks and later implement a notification system.

Audit Trails: Add a model for tracking changes, such as when a task or project was updated.

Next Steps:
Dashboard Design: Consider how you'd like to display the progress of projects and tasks. You can use charts, percentage bars, or a kanban-style layout.

UI Planning: Sketch how users will interact with the system. For example:

Overview Page: List of all projects with their progress.
Detail Page: Individual project with all its tasks.
Features to Build: After the models, focus on creating:

A create/edit project form.
A task list with filtering/sorting options.
Progress visualizations (e.g., pie or bar charts).
Would you like help with any specific feature, like building the dashboard or implementing progress calculations?






You said:
Could you provide some more help with building the dashboard? 
ChatGPT said:
ChatGPT
Building a dashboard involves designing a user interface that gives an at-a-glance view of your projects and tasks. Here's how you can approach it, step by step:

1. Define Dashboard Requirements
Before coding, clarify what information your dashboard should display. For a task management app, this could include:

List of Projects: Titles, progress percentage, deadlines, and statuses.
Key Metrics: Number of completed tasks, pending tasks, overdue tasks, or percentage progress of all projects.
Visuals: Graphs (e.g., pie chart for task statuses, bar chart for project progress).
Filters/Search: Allow filtering by status, priority, or due date.
Quick Actions: Buttons for adding projects/tasks.
2. Backend Setup
You’ll need to prepare the necessary data for the dashboard in your views.

Example: Dashboard View
from django.shortcuts import render
from .models import Project, Task
from django.db.models import Count, F, Q

def dashboard(request):
    projects = Project.objects.all()
    tasks = Task.objects.all()

    # Metrics
    total_projects = projects.count()
    total_tasks = tasks.count()
    completed_tasks = tasks.filter(status=3).count()
    pending_tasks = tasks.filter(status=1).count()
    overdue_tasks = tasks.filter(due_date__lt=timezone.now(), status__in=[1, 2]).count()

    # Progress Data (Pie chart)
    task_status_data = tasks.values('status').annotate(count=Count('id'))

    # Pass data to template
    context = {
        'projects': projects,
        'total_projects': total_projects,
        'total_tasks': total_tasks,
        'completed_tasks': completed_tasks,
        'pending_tasks': pending_tasks,
        'overdue_tasks': overdue_tasks,
        'task_status_data': task_status_data,
    }
    return render(request, 'dashboard.html', context)
3. Frontend: HTML + CSS
Use Django templates to display the data dynamically.

Example: dashboard.html
<!DOCTYPE html>
<html lang="en">
<head>
    <title>Dashboard</title>
    <link rel="stylesheet" href="{% static 'css/style.css' %}">
</head>
<body>
    <h1>Dashboard</h1>
    <div class="metrics">
        <h2>Key Metrics</h2>
        <p>Total Projects: {{ total_projects }}</p>
        <p>Total Tasks: {{ total_tasks }}</p>
        <p>Completed Tasks: {{ completed_tasks }}</p>
        <p>Pending Tasks: {{ pending_tasks }}</p>
        <p>Overdue Tasks: {{ overdue_tasks }}</p>
    </div>

    <h2>Projects Overview</h2>
    <table>
        <thead>
            <tr>
                <th>Title</th>
                <th>Progress</th>
                <th>Start Date</th>
                <th>End Date</th>
            </tr>
        </thead>
        <tbody>
            {% for project in projects %}
            <tr>
                <td>{{ project.title }}</td>
                <td>{{ project.completion_percentage }}%</td>
                <td>{{ project.start_date }}</td>
                <td>{{ project.end_date }}</td>
            </tr>
            {% endfor %}
        </tbody>
    </table>

    <h2>Task Status Distribution</h2>
    <canvas id="taskStatusChart"></canvas>

    <script src="https://cdn.jsdelivr.net/npm/chart.js"></script>
    <script>
        const data = {{ task_status_data|safe }};
        const ctx = document.getElementById('taskStatusChart').getContext('2d');
        const chart = new Chart(ctx, {
            type: 'pie',
            data: {
                labels: ['Pending', 'In Progress', 'Completed'],
                datasets: [{
                    data: data.map(item => item.count),
                    backgroundColor: ['#f39c12', '#3498db', '#2ecc71']
                }]
            }
        });
    </script>
</body>
</html>
4. Styling the Dashboard
Use CSS to make the dashboard visually appealing. Add a CSS file (static/css/style.css):

body {
    font-family: Arial, sans-serif;
    margin: 20px;
    padding: 20px;
}
.metrics {
    margin-bottom: 20px;
    padding: 10px;
    background-color: #f5f5f5;
    border-radius: 5px;
}
table {
    width: 100%;
    border-collapse: collapse;
    margin-top: 20px;
}
table, th, td {
    border: 1px solid #ddd;
}
th, td {
    padding: 8px;
    text-align: left;
}
5. Optional: Add Filtering and Quick Actions
Add Filters in the Template:
<form method="GET">
    <label for="status">Filter by Status:</label>
    <select name="status" id="status">
        <option value="">All</option>
        <option value="1">Pending</option>
        <option value="2">In Progress</option>
        <option value="3">Completed</option>
    </select>
    <button type="submit">Filter</button>
</form>
Add Logic in the View:
status_filter = request.GET.get('status')
if status_filter:
    tasks = tasks.filter(status=status_filter)
6. Test and Iterate
Test how the data is displayed with actual project and task data.
Add pagination if you expect many projects/tasks.
Experiment with different chart types (e.g., bar charts for progress over time).
Would you like help implementing any specific part of this setup, or customizing it further?






You said:
I'm also using TailwindCSS, could it be adapted for this ?
ChatGPT said:
ChatGPT
Absolutely! TailwindCSS makes it easy to create a modern, responsive, and visually appealing dashboard. Here’s how you can adapt the dashboard to use TailwindCSS.

1. TailwindCSS Setup
Ensure TailwindCSS is installed and configured in your Django project. If not, follow the installation guide.

2. Dashboard Layout with TailwindCSS
Here’s how you can rewrite the dashboard.html using TailwindCSS classes for styling.

Example: dashboard.html
<!DOCTYPE html>
<html lang="en">
<head>
    <title>Dashboard</title>
    <script src="https://cdn.jsdelivr.net/npm/chart.js"></script>
    <link href="{% static 'css/tailwind.css' %}" rel="stylesheet">
</head>
<body class="bg-gray-100 font-sans leading-normal tracking-normal">

    <div class="container mx-auto px-4">
        <h1 class="text-3xl font-bold text-gray-800 my-6">Dashboard</h1>

        <!-- Metrics Section -->
        <div class="grid grid-cols-1 sm:grid-cols-2 lg:grid-cols-4 gap-4">
            <div class="bg-white p-6 shadow rounded-lg">
                <h2 class="text-lg font-semibold text-gray-700">Total Projects</h2>
                <p class="text-3xl font-bold text-indigo-500">{{ total_projects }}</p>
            </div>
            <div class="bg-white p-6 shadow rounded-lg">
                <h2 class="text-lg font-semibold text-gray-700">Total Tasks</h2>
                <p class="text-3xl font-bold text-indigo-500">{{ total_tasks }}</p>
            </div>
            <div class="bg-white p-6 shadow rounded-lg">
                <h2 class="text-lg font-semibold text-gray-700">Completed Tasks</h2>
                <p class="text-3xl font-bold text-green-500">{{ completed_tasks }}</p>
            </div>
            <div class="bg-white p-6 shadow rounded-lg">
                <h2 class="text-lg font-semibold text-gray-700">Overdue Tasks</h2>
                <p class="text-3xl font-bold text-red-500">{{ overdue_tasks }}</p>
            </div>
        </div>

        <!-- Projects Table -->
        <div class="mt-8 bg-white shadow rounded-lg">
            <h2 class="text-2xl font-bold text-gray-800 px-6 py-4 border-b">Projects Overview</h2>
            <table class="min-w-full table-auto">
                <thead>
                    <tr class="bg-gray-50">
                        <th class="px-6 py-3 text-left text-sm font-semibold text-gray-600">Title</th>
                        <th class="px-6 py-3 text-left text-sm font-semibold text-gray-600">Progress</th>
                        <th class="px-6 py-3 text-left text-sm font-semibold text-gray-600">Start Date</th>
                        <th class="px-6 py-3 text-left text-sm font-semibold text-gray-600">End Date</th>
                    </tr>
                </thead>
                <tbody>
                    {% for project in projects %}
                    <tr class="border-t">
                        <td class="px-6 py-4 text-gray-700">{{ project.title }}</td>
                        <td class="px-6 py-4 text-gray-700">{{ project.completion_percentage }}%</td>
                        <td class="px-6 py-4 text-gray-700">{{ project.start_date|date:"Y-m-d" }}</td>
                        <td class="px-6 py-4 text-gray-700">{{ project.end_date|date:"Y-m-d" }}</td>
                    </tr>
                    {% endfor %}
                </tbody>
            </table>
        </div>

        <!-- Task Status Chart -->
        <div class="mt-8 bg-white shadow rounded-lg p-6">
            <h2 class="text-2xl font-bold text-gray-800">Task Status Distribution</h2>
            <canvas id="taskStatusChart" class="mt-4"></canvas>
        </div>
    </div>

    <script>
        const data = {{ task_status_data|safe }};
        const ctx = document.getElementById('taskStatusChart').getContext('2d');
        const chart = new Chart(ctx, {
            type: 'pie',
            data: {
                labels: ['Pending', 'In Progress', 'Completed'],
                datasets: [{
                    data: data.map(item => item.count),
                    backgroundColor: ['#f39c12', '#3498db', '#2ecc71']
                }]
            }
        });
    </script>

</body>
</html>
3. TailwindCSS Styling Highlights
Cards for Metrics: Metrics are displayed in cards with rounded corners (rounded-lg), shadows (shadow), and padding (p-6).
Responsive Grid: The metrics section uses Tailwind's responsive grid system (grid-cols-1 sm:grid-cols-2 lg:grid-cols-4) to adapt to different screen sizes.
Table Styling: The table is styled using classes like min-w-full, border-t, and bg-gray-50 for striped rows and borders.
Whitespace and Spacing: Margins (mt-8, my-6) and padding (px-6, py-4) create a clean layout.
4. Customizing Charts
You can easily extend the charts by:

Changing the type (e.g., bar, line).
Adding labels and tooltips.
Making the chart responsive with Tailwind's utility classes (w-full, h-auto).
5. Next Steps
Filters and Actions: Add Tailwind buttons and dropdowns for filtering tasks and projects dynamically.
Interactivity: Use JavaScript or Alpine.js for adding real-time interactivity like sorting or inline editing.
Authentication: Once your dashboard is ready, secure it with user authentication.
Would you like further guidance on implementing any specific feature?






You said:
Do I need to create any other features before working on this dashboard - such as building a form component for creating a new task or project - OR can I just create the dashboard first, and do these parts later ? 
ChatGPT said:
ChatGPT
You can absolutely focus on building the dashboard first and then create the form components (like adding a new task or project) later. Here's why:

1. Dashboard First Approach
Overview First: The dashboard provides an overview of the system's data, such as tasks and projects, which helps in assessing what needs to be done next. Building the dashboard first allows you to display a comprehensive view of your data in a dynamic way.
Progress Tracking: A core feature of project management is tracking progress. The dashboard will give you a concrete way to monitor and measure project and task statuses, so it's logical to start with this overview.
No Need for Task/Project Creation Yet: While forms for adding new tasks or projects are necessary, they aren’t strictly required to build the first version of your dashboard. You can start by hardcoding some data or using the Django admin interface to add data manually while focusing on the UI and layout for your dashboard.
2. Creating Form Components Later
Add Projects and Tasks Later: Once the dashboard is live, you can then build the forms and functionalities for adding new projects or tasks. These forms can link directly to the dashboard so that the user sees updates in real time.
Flexibility in Iteration: Since the dashboard will already be displaying data, you can later test the task and project creation features to see how they interact with the dashboard.
UI/UX Testing: Having the dashboard in place will help you test how users interact with the form. Once you have the forms ready, you can quickly integrate them with the dashboard and iterate on the UX based on how users expect to interact with it.
3. Implementation Flow
Here’s how you can break down your next steps:

Start with Dashboard: Implement the dashboard with hardcoded or admin-created data. Focus on how tasks and projects are displayed, how users can see the metrics, and how charts visualize task distribution.

Implement Task/Project Form: Once the dashboard is working and you're satisfied with the data visualization, move on to creating forms for adding new projects and tasks. You’ll use Django forms or model forms to handle input and validations.

Connect Forms to Dashboard: After implementing the form, integrate them with the dashboard so that new tasks or projects are displayed immediately after creation.

User Authentication (optional): If you eventually want user-specific data, you can add user authentication and permissions to limit who can create or edit tasks/projects.

4. What Should You Work On Next?
Since the dashboard will give you a real-time overview, you can start by:

Creating static data or using Django Admin to populate the database.
Build the core dashboard layout using TailwindCSS.
Work on dynamic features later, such as forms for adding tasks/projects, editing them, and user management.
Would you like guidance on setting up the forms or any specific parts of the dashboard before proceeding?






You said:
Here are my current models - could you suggest some updates for them to work better with this setup ?

# models.py
from django.db import models
from django.utils import timezone

class Project(models.Model): 
    title = models.CharField(max_length=100)
    
    def __str__(self):
        return self.title[:50]

class Task(models.Model):
    STATUS_CHOICES = [
        (1, 'Pending'),
        (2, 'In Progress'),
        (3, 'Completed'),
    ]

    project = models.ForeignKey(Project, on_delete=models.CASCADE)
    title = models.CharField(max_length=100)
    description = models.TextField(blank=True, null=True)
    status = models.IntegerField(
        choices=STATUS_CHOICES,
        default=1,
    )
    due_date = models.DateTimeField(default=timezone.now)

    def __str__(self):
        return self.title[:50]
ChatGPT said:
ChatGPT
Your current models for Project and Task are a solid foundation, but based on your goal to build a project management system with a dashboard that tracks progress, there are a few improvements you can make to enhance their functionality and flexibility.

Suggested Updates:
1. Project Model Enhancements
Add a Description: It would be useful to add a description field to provide more context about each project.
Add Project Start and End Dates: Adding start and end dates will help track the timeline of each project, which is essential for reporting and progress tracking.
Add a Status for Projects: Just like tasks, it might be useful to have a status field for projects (e.g., Pending, In Progress, Completed). This would allow you to easily display the current status of a project on the dashboard.
Add a Progress Percentage: You can add a progress field (could be a decimal percentage or an integer between 0 and 100) to indicate how far along a project is.
Updated Project Model:
class Project(models.Model):
    STATUS_CHOICES = [
        (1, 'Not Started'),
        (2, 'In Progress'),
        (3, 'Completed'),
    ]

    title = models.CharField(max_length=100)
    description = models.TextField(blank=True, null=True)
    start_date = models.DateTimeField(default=timezone.now)
    end_date = models.DateTimeField(null=True, blank=True)
    status = models.IntegerField(choices=STATUS_CHOICES, default=1)
    progress = models.DecimalField(max_digits=5, decimal_places=2, default=0.0)  # Percentage progress (0.00 to 100.00)

    def __str__(self):
        return self.title[:50]

    def update_progress(self):
        tasks = self.task_set.all()
        total_tasks = tasks.count()
        completed_tasks = tasks.filter(status=3).count()  # Assuming status 3 means completed
        if total_tasks > 0:
            self.progress = (completed_tasks / total_tasks) * 100
            self.save()
2. Task Model Enhancements
Add Priority: Adding a priority field (e.g., low, medium, high) can help in prioritizing tasks for better project tracking.
Due Date Improvements: You might want to make the due date more flexible, such as having a "deadline" or "due date" with optional time.
Add a Completion Date: Track when a task is actually completed, not just its status.
Add Assigned User (if needed): If you plan to have multiple users or want to track who is responsible for each task, adding an assigned_to field (e.g., foreign key to a User model) would be beneficial.
Updated Task Model:
class Task(models.Model):
    STATUS_CHOICES = [
        (1, 'Pending'),
        (2, 'In Progress'),
        (3, 'Completed'),
    ]

    PRIORITY_CHOICES = [
        (1, 'Low'),
        (2, 'Medium'),
        (3, 'High'),
    ]

    project = models.ForeignKey(Project, on_delete=models.CASCADE)
    title = models.CharField(max_length=100)
    description = models.TextField(blank=True, null=True)
    status = models.IntegerField(
        choices=STATUS_CHOICES,
        default=1,
    )
    priority = models.IntegerField(
        choices=PRIORITY_CHOICES,
        default=2,
    )
    due_date = models.DateTimeField(default=timezone.now)
    completion_date = models.DateTimeField(null=True, blank=True)
    assigned_to = models.ForeignKey('auth.User', on_delete=models.SET_NULL, null=True, blank=True)

    def __str__(self):
        return self.title[:50]

    def mark_as_completed(self):
        self.status = 3
        self.completion_date = timezone.now()
        self.save()

Key Improvements and Why:
Project Model Enhancements:

progress: This is especially useful for the dashboard, as it helps visualize the completion status of a project.
start_date and end_date: These fields allow for timeline-based tracking, which is essential in project management.
status: Projects can have a status (Not Started, In Progress, Completed), similar to tasks. This helps in tracking the overall state of the project.
Task Model Enhancements:

priority: Prioritizing tasks is important, especially in project management, where some tasks might be more critical than others.
completion_date: This helps in tracking when a task was actually finished, not just the status.
assigned_to: If you plan to assign tasks to specific users, this field would help manage responsibility within teams.
Dashboard Integration:
With these updates, you’ll be able to:

Track the progress of each project (via the progress field).
Display high-priority tasks first or filter tasks by status, priority, or deadline.
Show a timeline view for each project, using the start_date, end_date, and the progress field.
What’s Next?
Migrations: Don’t forget to run python manage.py makemigrations and python manage.py migrate after updating your models.
Forms and Views: You’ll need to create forms (using Django’s ModelForm) for adding and updating tasks and projects, including the new fields like priority, start date, etc.
Would you like to see an example of how to implement these changes in views and forms?






You said:
How can I integrate the chart.js package into my project, as a separate .js file, using npm to install chartjs? 

2/2

ChatGPT said:
ChatGPT
To integrate chart.js into your Django project and use it via a separate .js file, follow these steps:

1. Install Chart.js using npm
First, ensure that Node.js and npm are installed on your system. Then, install chart.js in your project directory:

npm install chart.js
This will install the library and save it to the node_modules folder.

2. Set Up a Static Files Folder for JavaScript
In Django, you need to place static files like JavaScript files in the static directory. Create a structure like this:

your_project/
├── static/
│   ├── js/
│   │   ├── chart-config.js
│   └── ...
├── templates/
└── ...
Place your custom Chart.js configuration in the chart-config.js file inside the static/js folder.

3. Copy Chart.js from node_modules to Your Static Directory
You can use npm to copy the chart.js package from node_modules to your static folder so it can be loaded directly:

cp node_modules/chart.js/dist/chart.umd.js static/js/
Now you’ll have a chart.umd.js file in your static/js folder.

4. Add Chart.js Script to Your HTML
In your Django template, include the chart.umd.js library and your custom chart-config.js file. For example:

<!DOCTYPE html>
<html lang="en">
<head>
    <meta charset="UTF-8">
    <meta name="viewport" content="width=device-width, initial-scale=1.0">
    <title>Dashboard</title>
</head>
<body>
    <h1>Project Dashboard</h1>

    <!-- Add a canvas element for the chart -->
    <canvas id="myChart" width="400" height="200"></canvas>

    <!-- Include the Chart.js library -->
    <script src="{% static 'js/chart.umd.js' %}"></script>

    <!-- Include your custom Chart.js configuration -->
    <script src="{% static 'js/chart-config.js' %}"></script>
</body>
</html>
Make sure the {% static %} template tag is working by having django.contrib.staticfiles in your INSTALLED_APPS and STATICFILES_DIRS set correctly in your settings.

5. Create the Chart Configuration in chart-config.js
Edit the chart-config.js file to configure and render a chart. For example:

// Get the canvas element
const ctx = document.getElementById('myChart').getContext('2d');

// Create a new chart instance
const myChart = new Chart(ctx, {
    type: 'bar', // Chart type (e.g., 'bar', 'line', 'pie', etc.)
    data: {
        labels: ['Project 1', 'Project 2', 'Project 3'], // X-axis labels
        datasets: [{
            label: 'Progress (%)',
            data: [70, 45, 90], // Data points
            backgroundColor: [
                'rgba(75, 192, 192, 0.2)',
                'rgba(255, 99, 132, 0.2)',
                'rgba(54, 162, 235, 0.2)'
            ],
            borderColor: [
                'rgba(75, 192, 192, 1)',
                'rgba(255, 99, 132, 1)',
                'rgba(54, 162, 235, 1)'
            ],
            borderWidth: 1
        }]
    },
    options: {
        responsive: true,
        scales: {
            y: {
                beginAtZero: true
            }
        }
    }
});
6. Testing the Integration
Run the Django development server:

python manage.py runserver
Navigate to the template where the chart is embedded, and ensure that it renders correctly.

7. Optional: Automate Static File Management
To manage static files more efficiently in production, use Django's collectstatic command:

Add this to your settings.py:

STATIC_ROOT = BASE_DIR / 'staticfiles'
Run the collectstatic command:

python manage.py collectstatic
This will gather all static files (including chart.umd.js and your custom files) into the staticfiles/ directory for production use.

By following these steps, you'll have a functional setup where Chart.js is included as a standalone .js file and can be customized through your own JavaScript configuration. If you'd like help with specific chart configurations for your dashboard, let me know!






You said:
Uploaded image
Please provide any suggestions or necessary changes I should make to my django models for this application, attached.

Additionally, I would like to develop a simple dashboard design using these models. Could you suggest how to create this?
ChatGPT said:
ChatGPT
Looking at your Django models in the image, here are some suggestions for improvement and next steps for building a simple dashboard:

1. Suggestions for the Models
General Observations:
You have Project, PWR, and Program models.
Fields like status, description, completion_date, and due_date are present, which are standard for task management.
Some field names like mtp_internphase and pcc are ambiguous. Consider renaming them for clarity.
Suggested Changes:
1. Add related_name to ForeignKey Relationships
Using related_name allows you to access related objects from the reverse side, making queries easier.

For example, in the Project model:

program_name = models.ForeignKey(Program, on_delete=models.CASCADE, related_name='projects')
2. Improve the Status Choices
Instead of hardcoding STATUS_CHOICES, consider storing them in a constants file for better reusability.

For example:

STATUS_PENDING = 1
STATUS_IN_PROGRESS = 2
STATUS_COMPLETED = 3

STATUS_CHOICES = [
    (STATUS_PENDING, 'Pending'),
    (STATUS_IN_PROGRESS, 'In Progress'),
    (STATUS_COMPLETED, 'Completed'),
]
Then use STATUS_CHOICES in the model:

status = models.IntegerField(choices=STATUS_CHOICES, default=STATUS_PENDING)
3. Add a Progress Field
To reflect progress on the dashboard, you could add a progress field to the Project or PWR models. For example:

progress = models.IntegerField(default=0, help_text="Progress percentage (0-100)")
You can later calculate or update this field dynamically based on task completion.

4. Improve __str__ Methods
Ensure __str__ methods display meaningful information for debugging and admin views.

For example:

def __str__(self):
    return f"{self.title} - {self.status}"
5. Add Timestamps for Auditing
Add created_at and updated_at fields to track when records are created or modified:

created_at = models.DateTimeField(auto_now_add=True)
updated_at = models.DateTimeField(auto_now=True)
Updated Project Model Example:
Here is the updated Project model with suggestions:

from django.db import models
from django.utils import timezone

STATUS_PENDING = 1
STATUS_IN_PROGRESS = 2
STATUS_COMPLETED = 3

STATUS_CHOICES = [
    (STATUS_PENDING, 'Pending'),
    (STATUS_IN_PROGRESS, 'In Progress'),
    (STATUS_COMPLETED, 'Completed'),
]

class Project(models.Model):
    title = models.CharField(max_length=100)
    program_name = models.ForeignKey("Program", on_delete=models.CASCADE, related_name="projects")
    description = models.TextField(blank=True, null=True)
    status = models.IntegerField(choices=STATUS_CHOICES, default=STATUS_PENDING)
    progress = models.IntegerField(default=0, help_text="Progress percentage (0-100)")
    due_date = models.DateTimeField(default=timezone.now)
    completion_date = models.DateTimeField(null=True, blank=True)
    created_at = models.DateTimeField(auto_now_add=True)
    updated_at = models.DateTimeField(auto_now=True)

    def mark_as_completed(self):
        self.status = STATUS_COMPLETED
        self.completion_date = timezone.now()
        self.save()

    def __str__(self):
        return f"{self.title} - {dict(STATUS_CHOICES).get(self.status)}"
2. Developing a Dashboard
To create a simple dashboard that displays projects and their progress, follow these steps:

Step 1: Update Your Views
Create a view that fetches the project data and calculates progress summaries.

from django.shortcuts import render
from .models import Project

def dashboard_view(request):
    projects = Project.objects.all()
    total_projects = projects.count()
    completed_projects = projects.filter(status=3).count()
    pending_projects = projects.filter(status=1).count()

    context = {
        "projects": projects,
        "total_projects": total_projects,
        "completed_projects": completed_projects,
        "pending_projects": pending_projects,
    }
    return render(request, "dashboard.html", context)
Step 2: Set Up the URL
Add a URL pattern to urls.py:

from django.urls import path
from .views import dashboard_view

urlpatterns = [
    path("dashboard/", dashboard_view, name="dashboard"),
]
Step 3: Create the Template
Create a file named dashboard.html in your templates folder. Use TailwindCSS for styling and integrate the data passed via context:

{% load static %}
<!DOCTYPE html>
<html lang="en">
<head>
    <meta charset="UTF-8">
    <title>Project Dashboard</title>
    <link href="{% static 'css/tailwind.css' %}" rel="stylesheet">
</head>
<body class="bg-gray-100 p-8">

    <h1 class="text-3xl font-bold mb-6 text-center">Project Dashboard</h1>

    <!-- Summary Cards -->
    <div class="grid grid-cols-3 gap-6 mb-8">
        <div class="p-6 bg-white shadow rounded">
            <h2 class="text-xl font-semibold">Total Projects</h2>
            <p class="text-2xl">{{ total_projects }}</p>
        </div>
        <div class="p-6 bg-green-100 shadow rounded">
            <h2 class="text-xl font-semibold">Completed Projects</h2>
            <p class="text-2xl">{{ completed_projects }}</p>
        </div>
        <div class="p-6 bg-yellow-100 shadow rounded">
            <h2 class="text-xl font-semibold">Pending Projects</h2>
            <p class="text-2xl">{{ pending_projects }}</p>
        </div>
    </div>

    <!-- Project List -->
    <div class="bg-white shadow rounded p-6">
        <h2 class="text-2xl font-semibold mb-4">Project List</h2>
        <table class="table-auto w-full border-collapse">
            <thead>
                <tr class="bg-gray-200">
                    <th class="border px-4 py-2">Title</th>
                    <th class="border px-4 py-2">Status</th>
                    <th class="border px-4 py-2">Progress</th>
                    <th class="border px-4 py-2">Due Date</th>
                </tr>
            </thead>
            <tbody>
                {% for project in projects %}
                <tr>
                    <td class="border px-4 py-2">{{ project.title }}</td>
                    <td class="border px-4 py-2">
                        {{ project.get_status_display }}
                    </td>
                    <td class="border px-4 py-2">{{ project.progress }}%</td>
                    <td class="border px-4 py-2">{{ project.due_date }}</td>
                </tr>
                {% empty %}
                <tr>
                    <td colspan="4" class="text-center py-4">No projects available.</td>
                </tr>
                {% endfor %}
            </tbody>
        </table>
    </div>

</body>
</html>
Step 4: TailwindCSS Setup
If you haven't set up TailwindCSS in your project, refer to its documentation to configure it properly.

Next Steps:
Test the dashboard by visiting /dashboard/ in your browser.
Add interactive charts using Chart.js to visualize project progress.
Build forms for adding or editing projects/tasks.
Let me know if you need help with any specific step!






You said:
Given that the obn code is numeric (usually 6-8 digits) how can I change this type in the model ?
ChatGPT said:
ChatGPT
If the obn code in your Django model is numeric and usually between 6-8 digits, you can change its type to better enforce this behavior.

Here are two options:

1. Use models.IntegerField with Validation
If the obn is strictly numeric, use an IntegerField and apply validation for its range (6-8 digits):

Updated Field Definition:

from django.core.validators import MinValueValidator, MaxValueValidator

obn = models.IntegerField(
    validators=[
        MinValueValidator(100000),    # Minimum value with 6 digits
        MaxValueValidator(99999999),  # Maximum value with 8 digits
    ],
    unique=True,  # Assuming obn codes are unique
    help_text="Enter a numeric code with 6-8 digits."
)
Explanation:

MinValueValidator(100000) ensures at least 6 digits.
MaxValueValidator(99999999) limits it to a maximum of 8 digits.
unique=True ensures there are no duplicate codes.
2. Use models.CharField with Regex Validation
If the obn can include leading zeros (e.g., 000123), use a CharField with a regular expression validator to enforce numeric input with a length of 6-8 digits.

Updated Field Definition:

from django.core.validators import RegexValidator

obn = models.CharField(
    max_length=8,
    validators=[
        RegexValidator(
            regex=r'^\d{6,8}$',
            message="OBN code must be numeric and contain 6-8 digits."
        )
    ],
    unique=True,
    help_text="Enter a numeric code with 6-8 digits."
)
Explanation:

RegexValidator ensures the field contains only numeric digits (\d) with a length between 6 and 8 ({6,8}).
max_length=8 sets a hard limit on the character length.
This is ideal if leading zeros are valid and must be preserved.
Summary: Choosing Between the Two
IntegerField: Use this if obn will always be a numeric value without leading zeros.
CharField with Regex: Use this if the obn can have leading zeros or needs to be stored as a string.
Let me know which option works best for your case, and I can guide you further if needed! 🚀






You said:
Actually the obn is always 6 digits, how might this change the model ? 
ChatGPT said:
ChatGPT
If the obn is always 6 digits and strictly numeric, you can refine the model field further to enforce this rule:

1. Using models.IntegerField
If you don't need leading zeros, use an IntegerField with an exact range:

from django.core.validators import MinValueValidator, MaxValueValidator

obn = models.IntegerField(
    validators=[
        MinValueValidator(100000),  # Minimum 6-digit number
        MaxValueValidator(999999),  # Maximum 6-digit number
    ],
    unique=True,
    help_text="Enter a 6-digit numeric code."
)
Explanation:

The minimum possible value is 100000 (6 digits), and the maximum is 999999.
This ensures the field strictly holds 6-digit integers.
2. Using models.CharField with Regex Validation
If the obn code must preserve leading zeros (e.g., 000123), use a CharField with a regular expression validator:

from django.core.validators import RegexValidator

obn = models.CharField(
    max_length=6,
    validators=[
        RegexValidator(
            regex=r'^\d{6}$',
            message="OBN code must be exactly 6 digits and numeric."
        )
    ],
    unique=True,
    help_text="Enter a 6-digit numeric code."
)
Explanation:

regex=r'^\d{6}$': Ensures the input is exactly 6 digits and numeric.
max_length=6: Restricts the field length to exactly 6 characters.
Use this approach if you need to preserve leading zeros.
Key Decision: Integer vs. CharField
Use IntegerField: If leading zeros are irrelevant.
Use CharField with Regex: If leading zeros matter and need to be stored exactly.
Example Final Model
Here’s an updated version of your model with the CharField approach for flexibility:

from django.db import models
from django.core.validators import RegexValidator

class MyModel(models.Model):
    obn = models.CharField(
        max_length=6,
        validators=[
            RegexValidator(
                regex=r'^\d{6}$',
                message="OBN code must be exactly 6 digits."
            )
        ],
        unique=True,
        help_text="Enter a 6-digit numeric code."
    )
    title = models.CharField(max_length=100)

    def __str__(self):
        return f"{self.obn} - {self.title}"
Summary
Use IntegerField for simple 6-digit numbers without leading zeros.
Use CharField with regex for 6-digit numeric codes where leading zeros matter.
Let me know which works best for your case! 🚀






You said:
Why is makemigrations detecting no changes, when there are models in models.py and there is no migrations folder ? 
ChatGPT said:
ChatGPT
If makemigrations is detecting no changes and there’s no migrations folder, here are the common reasons and fixes for the issue:

1. App Not Added to INSTALLED_APPS
Django only detects models for apps listed in your settings.py under INSTALLED_APPS.

Solution:

Open settings.py.

Ensure your app (e.g., myapp) is listed:

INSTALLED_APPS = [
    ...
    'myapp',  # Ensure this is here
]
Replace myapp with the actual app name containing your models.py.

2. App Directory Structure is Incorrect
Your app should follow Django’s standard structure:

myproject/
    manage.py
    myapp/
        __init__.py
        models.py
        apps.py
        migrations/
        views.py
Key Notes:

Ensure the app has an __init__.py file to make it a Python package.
If the migrations/ folder is missing, Django will create it when makemigrations runs successfully.
3. Python Path Issue
Django might not recognize your app if the app directory isn't part of the Python path.

Solution:

Run python manage.py shell and try:

import myapp
print(myapp)
If you see an error, Django cannot find your app.

To fix, check that you are running the manage.py command from the correct directory where your manage.py resides.

4. Model Syntax or Indentation Errors
If there are syntax errors in your models.py, Django might silently ignore the models.
Check for issues such as missing imports, incorrect field definitions, or improper indentation.
Solution:

Run python manage.py check to validate your models.
Fix any errors that arise.
5. Old __pycache__ Files
Stale __pycache__ files can sometimes interfere with migrations.

Solution:

Delete the __pycache__ folder in your app directory:

find . -type d -name "__pycache__" -exec rm -r {} +
Then run:

python manage.py makemigrations
6. Migrations Folder Not Being Created
If the migrations folder doesn’t exist, Django should create it when makemigrations runs successfully.

Solution:

Explicitly create the folder and add an __init__.py file:

mkdir myapp/migrations
touch myapp/migrations/__init__.py
Then rerun:

python manage.py makemigrations
7. Database Not Synced
If Django thinks the database is already up-to-date, it may not detect changes.

Solution:

Run:

python manage.py migrate --fake
python manage.py makemigrations
--fake tells Django to mark migrations as applied without actually modifying the database.

8. Check Migration History
Sometimes the database may already contain references to migrations.

Solution:

Inspect the django_migrations table in your database to confirm it is empty (for fresh projects).
Example SQL query:

SELECT * FROM django_migrations;
If entries exist but you’re starting fresh, clear them (carefully) and rerun:

python manage.py makemigrations
python manage.py migrate
Step-by-Step Debugging Checklist
Ensure the app is listed in INSTALLED_APPS.
Confirm there are no syntax errors (python manage.py check).
Verify the app directory structure and Python path.
Delete __pycache__ folders and rerun makemigrations.
Ensure you’re working in the correct directory.
Let me know if the problem persists, and I can guide you through further debugging! 🚀






You said:
For this model, can you help me create the admin registration in Django ? 

from django.db import models
from django.utils import timezone

STATUS_PENDING = 1
STATUS_IN_PROGRESS = 2
STATUS_COMPLETED = 3

STATUS_CHOICES = [
    (STATUS_PENDING, 'Pending'),
    (STATUS_IN_PROGRESS, 'In Progress'),
    (STATUS_COMPLETED, 'Completed'),
]

class Project(models.Model):
    title = models.CharField(max_length=100)
    program_name = models.ForeignKey("Program", on_delete=models.CASCADE, related_name="projects")
    description = models.TextField(blank=True, null=True)
    status = models.IntegerField(choices=STATUS_CHOICES, default=STATUS_PENDING)
    progress = models.IntegerField(default=0, help_text="Progress percentage (0-100)")
    due_date = models.DateTimeField(default=timezone.now)
    completion_date = models.DateTimeField(null=True, blank=True)
    created_at = models.DateTimeField(auto_now_add=True)
    updated_at = models.DateTimeField(auto_now=True)

    def mark_as_completed(self):
        self.status = STATUS_COMPLETED
        self.completion_date = timezone.now()
        self.save()

    def __str__(self):
        return f"{self.title} - {dict(STATUS_CHOICES).get(self.status)}"

2/2

ChatGPT said:
ChatGPT
To register your Project model in the Django admin interface with additional functionality, follow these steps:

1. Basic Admin Registration
First, create an admin.py file in your app directory (if it doesn’t already exist):

touch your_app/admin.py
2. Admin Configuration
Here is a clean and enhanced admin registration for your Project model:

admin.py:
from django.contrib import admin
from .models import Project

@admin.register(Project)
class ProjectAdmin(admin.ModelAdmin):
    list_display = ('title', 'program_name', 'status', 'progress', 'due_date', 'created_at', 'updated_at')
    list_filter = ('status', 'program_name', 'created_at', 'updated_at')
    search_fields = ('title', 'program_name__name', 'description')
    ordering = ('-created_at',)
    readonly_fields = ('created_at', 'updated_at', 'completion_date')

    fieldsets = (
        ('Project Information', {
            'fields': ('title', 'program_name', 'description', 'status', 'progress')
        }),
        ('Important Dates', {
            'fields': ('due_date', 'completion_date', 'created_at', 'updated_at')
        }),
    )

    def save_model(self, request, obj, form, change):
        """
        Override save_model to mark the project as completed
        if progress reaches 100%.
        """
        if obj.progress == 100:
            obj.mark_as_completed()
        super().save_model(request, obj, form, change)
Explanation of the Code:
list_display:

Defines which fields appear in the admin list view.
list_filter:

Adds filters on the right-hand side for quick sorting (e.g., by status or program_name).
search_fields:

Allows searching by title, related program_name, or description.
ordering:

Orders entries by created_at (newest first).
readonly_fields:

Prevents modification of fields such as created_at and completion_date.
fieldsets:

Organizes fields into logical sections.
save_model Override:

Automatically marks the project as completed if progress is set to 100%.
3. Registering the Program Model
Since program_name is a ForeignKey to a Program model, ensure the Program model is also registered in admin.py:

from .models import Program

@admin.register(Program)
class ProgramAdmin(admin.ModelAdmin):
    list_display = ('name',)
    search_fields = ('name',)
Ensure the Program model includes a name field for clarity.

4. Run Migrations
If the models have changed or are new:

python manage.py makemigrations
python manage.py migrate
5. Create a Superuser
If you don’t have one yet:

python manage.py createsuperuser
Follow the prompts to create the superuser.

6. Access the Admin Panel
Start the server:

python manage.py runserver
Go to http://127.0.0.1:8000/admin.
Log in using the superuser credentials.
You should now see the Project and Program models with all the enhancements.
Result in Admin Panel:
You’ll see a well-structured admin panel for managing Project instances.
Filters and search options allow easy sorting and navigation.
Progress reaching 100% will auto-update the project status and completion date.
Let me know if you need further tweaks or explanations! 🚀






You said:
For the dashboard project, I want to develop it further to include the following features: 

* A navbar with the links to add a new project, a dashboard/home page, a page to view all the projects, and a search functionality 

I want to build the UI for the navbar first, then add the forms for adding a project, then I can work on the search functionality. Does that seem like a good order for building the application? 

if so, please could you help design the nav bar ?
ChatGPT said:
ChatGPT
Yes, that’s a great order for building your application! Breaking the project into logical steps like this allows you to test and refine each feature as you go. Let’s start with designing the Navbar using TailwindCSS.

1. Navbar Structure
The navbar will include:

A brand logo or name on the left.
Links to:
Dashboard/Home
Add New Project
View All Projects
A search bar or a placeholder link for it.
Here’s the HTML and TailwindCSS code for your navbar:

navbar.html
<!DOCTYPE html>
<html lang="en">
<head>
    <meta charset="UTF-8">
    <meta name="viewport" content="width=device-width, initial-scale=1.0">
    <title>Dashboard Navbar</title>
    <script src="https://cdn.tailwindcss.com"></script>
</head>
<body>
    <!-- Navbar -->
    <nav class="bg-gray-800 text-white p-4 shadow-md">
        <div class="container mx-auto flex justify-between items-center">
            <!-- Brand Logo -->
            <div class="text-2xl font-bold">
                <a href="{% url 'home' %}">Project Manager</a>
            </div>

            <!-- Navbar Links -->
            <div class="space-x-6">
                <a href="{% url 'dashboard' %}" class="hover:text-gray-300">Dashboard</a>
                <a href="{% url 'add_project' %}" class="hover:text-gray-300">Add Project</a>
                <a href="{% url 'all_projects' %}" class="hover:text-gray-300">All Projects</a>
            </div>

            <!-- Search Bar -->
            <div>
                <form action="{% url 'search' %}" method="get" class="flex">
                    <input 
                        type="text" 
                        name="q" 
                        placeholder="Search projects..." 
                        class="px-3 py-1 rounded-l text-black focus:outline-none"
                    />
                    <button 
                        type="submit" 
                        class="bg-blue-500 px-4 py-1 rounded-r hover:bg-blue-600">
                        Search
                    </button>
                </form>
            </div>
        </div>
    </nav>
</body>
</html>
How It Works:
Brand Logo/Name: Clicking on the name navigates to the home/dashboard page.
Navbar Links:
Links to pages like Dashboard, Add New Project, and View All Projects.
The {% url '...' %} assumes you’ve set up Django views/URLs for these links.
Search Bar: A simple input field for users to search by query.
2. TailwindCSS Classes Used
bg-gray-800: Sets the navbar background to dark gray.
text-white: Makes the text white.
container mx-auto: Centers the content horizontally.
flex justify-between items-center: Aligns the logo, links, and search bar evenly.
hover:text-gray-300: Adds a hover effect to navbar links.
rounded-l and rounded-r: Adds rounded corners to the search bar.
bg-blue-500 hover:bg-blue-600: Button styling for the search button.
3. Integrate the Navbar into Django
To include this in your Django project:

Place the above HTML code in a base.html template.
Use {% include 'base.html' %} or {% extends 'base.html' %} in your other templates (like dashboard or add project).
Example: base.html setup:
{% load static %}
<!DOCTYPE html>
<html lang="en">
<head>
    <meta charset="UTF-8">
    <title>{% block title %}Project Manager{% endblock %}</title>
    <script src="https://cdn.tailwindcss.com"></script>
</head>
<body>
    {% block navbar %}
        <!-- Navbar Section -->
        {% include 'navbar.html' %}
    {% endblock navbar %}

    <main class="container mx-auto mt-4">
        {% block content %}
        <!-- Page-specific content goes here -->
        {% endblock content %}
    </main>
</body>
</html>
4. Next Steps
Forms for Adding a Project:

Use Django's ModelForm to generate a form based on your Project model.
Create a view to render and handle the form submission.
Add a link to your form in the Add Project navbar link.
Search Functionality:

Implement a basic search view to filter projects based on the title, program, or description.
Let me know if you need help with building the forms or the search view next! 🚀






You said:
Can you explain exactly how to add the navbar component to my site, given that I am including the files base.html then a subdirectory for pages? 

My base.html currently looks like this:

{% load static %}
<!DOCTYPE html>
<html lang="en">
<head>
    <meta charset="UTF-8">
    <meta http-equiv="X-UA-Compatible" content="IE=edge">
    <meta name="viewport" content="width=device-width, initial-scale=1.0">
    <title>{% block head_title %}Django Task Management{% endblock %}</title>
    {% include 'head/css.html' %}
</head>
<body>
    <div>
        {% block content %}{% endblock %}
    </div>
    {% include 'head/js.html' %}
</body>
</html>
ChatGPT said:
ChatGPT
To include the navbar component properly in your existing file structure where base.html is the layout template, and you are including page-specific content in subdirectories, follow these steps:

1. Create the Navbar Component
Save the navbar code in a separate file in your templates directory. A common practice is to organize components like this:

templates/
│
├── base.html
├── head/
│   ├── css.html
│   └── js.html
└── components/
    └── navbar.html
└── pages/
    └── home.html
Place the following navbar code in components/navbar.html:
components/navbar.html
<nav class="bg-gray-800 text-white p-4 shadow-md">
    <div class="container mx-auto flex justify-between items-center">
        <!-- Brand Logo -->
        <div class="text-2xl font-bold">
            <a href="{% url 'home' %}">Project Manager</a>
        </div>

        <!-- Navbar Links -->
        <div class="space-x-6">
            <a href="{% url 'dashboard' %}" class="hover:text-gray-300">Dashboard</a>
            <a href="{% url 'add_project' %}" class="hover:text-gray-300">Add Project</a>
            <a href="{% url 'all_projects' %}" class="hover:text-gray-300">All Projects</a>
        </div>

        <!-- Search Bar -->
        <div>
            <form action="{% url 'search' %}" method="get" class="flex">
                <input 
                    type="text" 
                    name="q" 
                    placeholder="Search projects..." 
                    class="px-3 py-1 rounded-l text-black focus:outline-none"
                />
                <button 
                    type="submit" 
                    class="bg-blue-500 px-4 py-1 rounded-r hover:bg-blue-600">
                    Search
                </button>
            </form>
        </div>
    </div>
</nav>
2. Include the Navbar in base.html
Update your base.html file to include the navbar. Use the {% include %} tag to insert the navbar at the top of the page.

Here is the updated base.html:

base.html
{% load static %}
<!DOCTYPE html>
<html lang="en">
<head>
    <meta charset="UTF-8">
    <meta http-equiv="X-UA-Compatible" content="IE=edge">
    <meta name="viewport" content="width=device-width, initial-scale=1.0">
    <title>{% block head_title %}Django Task Management{% endblock %}</title>
    {% include 'head/css.html' %}
</head>
<body>
    <!-- Include Navbar -->
    {% include 'components/navbar.html' %}

    <!-- Main Content Block -->
    <div class="container mx-auto mt-4">
        {% block content %}{% endblock %}
    </div>

    {% include 'head/js.html' %}
</body>
</html>
3. Create a Page Template in Subdirectories
In your pages/ subdirectory, create a template for a specific page, like the home page:

pages/home.html
{% extends 'base.html' %}

{% block head_title %}Home - Django Task Management{% endblock %}

{% block content %}
    <h1 class="text-3xl font-bold text-gray-800">Welcome to the Task Management Dashboard</h1>
    <p class="mt-4 text-gray-600">
        Use the navbar above to navigate through the application.
    </p>
{% endblock %}
4. Set Up Views and URLs
Ensure you have a view and URL for rendering the home page.

views.py
from django.shortcuts import render

def home(request):
    return render(request, 'pages/home.html')
urls.py
from django.urls import path
from . import views

urlpatterns = [
    path('', views.home, name='home'),
]
5. Verify File Inclusion and Testing
Run the Django server:
python manage.py runserver
Visit the homepage (http://127.0.0.1:8000/).
You should see:

The navbar at the top of the page.
The page content rendered below the navbar.
What’s Happening Here?
The navbar is stored in components/navbar.html for reusability.
base.html includes the navbar using {% include 'components/navbar.html' %}.
Page templates (like pages/home.html) extend base.html and provide content for {% block content %}.
With this setup:

You can reuse base.html and the navbar across multiple pages.
Adding more pages will be simple by extending base.html.
Let me know if you need help adding links or making the navbar more dynamic! 🚀






You said:
can you first help build the search functionality ? 
ChatGPT said:
ChatGPT
Certainly! Below, I'll help you step-by-step to add search functionality to your Django app so you can search projects by their title, program name, or description.

1. Update the View to Handle Search Queries
In your views file, add a search view that filters projects based on the query string.

views.py
from django.shortcuts import render
from .models import Project

def search_projects(request):
    query = request.GET.get('q')  # Get the search query parameter from the URL
    results = Project.objects.all()  # Start with all projects

    # If a search query is present, filter by title, program_name, or description
    if query:
        results = results.filter(
            models.Q(title__icontains=query) | 
            models.Q(program_name__program_name__icontains=query) | 
            models.Q(description__icontains=query)
        )
    
    context = {
        'results': results,
        'query': query,
    }
    return render(request, 'pages/search_results.html', context)
What happens here:

request.GET.get('q') gets the query string from the URL.
Q objects allow us to perform OR searches across multiple fields.
__icontains makes the search case-insensitive and partial.
2. Add the Search URL
Update your urls.py to include a path for the search functionality.

urls.py
from django.urls import path
from . import views

urlpatterns = [
    path('search/', views.search_projects, name='search'),
    path('', views.home, name='home'),  # Existing homepage
]
3. Create the Search Results Template
Now create the template to display the search results.

Create the file: templates/pages/search_results.html

search_results.html
{% extends 'base.html' %}

{% block head_title %}Search Results{% endblock %}

{% block content %}
    <h1 class="text-2xl font-bold mb-4">Search Results</h1>

    <!-- Display search query -->
    {% if query %}
        <p class="mb-2">Results for "<strong>{{ query }}</strong>":</p>
    {% endif %}

    <!-- Check if results exist -->
    {% if results %}
        <ul class="space-y-4">
            {% for project in results %}
                <li class="p-4 border rounded shadow">
                    <h2 class="text-xl font-semibold">{{ project.title }}</h2>
                    <p><strong>Program:</strong> {{ project.program_name.program_name }}</p>
                    <p><strong>Description:</strong> {{ project.description|default:"No description available" }}</p>
                    <p><strong>Status:</strong> {{ project.get_status_display }}</p>
                </li>
            {% endfor %}
        </ul>
    {% else %}
        <p class="text-gray-600">No results found.</p>
    {% endif %}
{% endblock %}
4. Update the Navbar Search Form
Update the search form in your components/navbar.html to point to the search URL.

components/navbar.html
<form action="{% url 'search' %}" method="get" class="flex">
    <input 
        type="text" 
        name="q" 
        placeholder="Search projects..." 
        value="{{ query|default:'' }}"
        class="px-3 py-1 rounded-l text-black focus:outline-none"
    />
    <button 
        type="submit" 
        class="bg-blue-500 px-4 py-1 rounded-r hover:bg-blue-600 text-white">
        Search
    </button>
</form>
5. Test the Search Functionality
Start the development server:
python manage.py runserver
Go to the homepage and use the search bar in the navbar.
Test the following:
Search by project title.
Search by program name.
Search by description.
URL Example:
http://127.0.0.1:8000/search/?q=your_search_term

How It Works
When you submit the form, it sends a GET request to /search/ with the query parameter q.
The search_projects view filters the Project model using Q objects.
Results are passed to the search_results.html template.
The template displays the matching projects or a message if no results are found.
This setup will give you a functional search bar that allows searching across multiple fields! Let me know if you need further adjustments. 🚀






You said:
Uploaded image
I have the following file : 

{% load static %}
<!DOCTYPE html>
<html lang="en">
<head>
    <meta charset="UTF-8">
    <meta http-equiv="X-UA-Compatible" content="IE=edge">
    <meta name="viewport" content="width=device-width, initial-scale=1.0">
    <title>{% block head_title %}Django Task Management{% endblock %}</title>
    {% include 'head/css.html' %}
</head>
<body>
    <div>
        {% block content %}{% endblock %}
    </div>

    {% include 'head/js.html' %}
    <!-- Include the Chart.js library -->
    <script src="{% static 'js/chart.umd.js' %}"></script>
</body>
</html>


Is this the correct way to set this up, given my following directory structure (attached) 
ChatGPT said:
ChatGPT
Yes, the setup of your base template (base.html) aligns well with your directory structure. Here's why:

{% load static %}:

The static tag is loaded at the top to correctly reference static files (e.g., CSS and JavaScript) in the template. This is required and correctly placed.
CSS and JS Includes:

Your directory structure shows that css.html and js.html are located in templates/head. By using {% include 'head/css.html' %} and {% include 'head/js.html' %}, the template is modular and easier to maintain.
Static Files for Chart.js:

You’ve correctly linked Chart.js with {% static 'js/chart.umd.js' %}. This matches the structure where the chart.umd.js file is in the static/js folder.
Block Structure:

The {% block head_title %} and {% block content %} allow individual pages to extend base.html and override these blocks as needed.
Suggestions for Improvement:
Move Tailwind CSS: If you plan to use Tailwind CSS (tailwind-input.css), include it in the css.html template:

<link href="{% static 'tw/tailwind-input.css' %}" rel="stylesheet">
Organize JavaScript Files: Ensure home-ui.js is also linked in js.html if it’s needed globally.

Global Navbar or Footer: If you have a common navbar or footer, include them in base.html like this:

{% include 'components/navbar.html' %}
{% include 'components/footer.html' %}
Use a Main Wrapper: You could wrap your content in a container or flexbox for better layout management:

<div class="container mx-auto">
    {% block content %}{% endblock %}
</div>
This setup is clean and follows Django's template structure conventions. Let me know if you'd like to further refine it!






You said:
Why might I be getting this error: home-ui.js:5 Uncaught ReferenceError: Chart is not defined
    at home-ui.js:5:17




home-ui.js file:
const ctx = document.getElementById('myChart').getContext('2d');

// Create a new chart instance
const myChart = new Chart(ctx, {
    type: 'bar', // Chart type (e.g., 'bar', 'line', 'pie', etc.)
    data: {
        labels: ['Project 1', 'Project 2', 'Project 3'], // X-axis labels
        datasets: [{
            label: 'Progress (%)',
            data: [70, 45, 90], // Data points
            backgroundColor: [
                'rgba(75, 192, 192, 0.2)',
                'rgba(255, 99, 132, 0.2)',
                'rgba(54, 162, 235, 0.2)'
            ],
            borderColor: [
                'rgba(75, 192, 192, 1)',
                'rgba(255, 99, 132, 1)',
                'rgba(54, 162, 235, 1)'
            ],
            borderWidth: 1
        }]
    },
    options: {
        responsive: true,
        scales: {
            y: {
                beginAtZero: true
            }
        }
    }
});

2/2

ChatGPT said:
ChatGPT
The error Uncaught ReferenceError: Chart is not defined occurs because the Chart object from Chart.js is not available in your JavaScript code when it is executed. Here’s why this might happen and how to resolve it:

Potential Reasons for the Error:
Chart.js Library Not Loaded: The Chart.js library may not be properly loaded or included in your HTML before home-ui.js is executed.

Incorrect Script Order: The home-ui.js script is executed before the Chart.js library is loaded, so the Chart object is not yet defined.

Static Files Not Properly Collected: If you're in production and using django.contrib.staticfiles, ensure you've run python manage.py collectstatic.

Solution Steps:
1. Ensure Proper Script Order
In your base.html, ensure the <script> tag for Chart.js appears before home-ui.js. Example:

<script src="{% static 'js/chart.umd.js' %}"></script>
<script src="{% static 'js/home-ui.js' %}"></script>
Verify that chart.umd.js is correctly included in the page by viewing the page source (right-click → View Page Source). Ensure the script tag points to the correct URL.

2. Add a DOMContentLoaded Event Listener
To ensure home-ui.js runs only after the DOM is fully loaded, wrap your code in an event listener:

document.addEventListener('DOMContentLoaded', function () {
    const ctx = document.getElementById('myChart').getContext('2d');
    const myChart = new Chart(ctx, {
        type: 'bar',
        data: {
            labels: ['Project 1', 'Project 2', 'Project 3'],
            datasets: [{
                label: 'Progress (%)',
                data: [70, 45, 90],
                backgroundColor: [
                    'rgba(75, 192, 192, 0.2)',
                    'rgba(255, 99, 132, 0.2)',
                    'rgba(54, 162, 235, 0.2)'
                ],
                borderColor: [
                    'rgba(75, 192, 192, 1)',
                    'rgba(255, 99, 132, 1)',
                    'rgba(54, 162, 235, 1)'
                ],
                borderWidth: 1
            }]
        },
        options: {
            responsive: true,
            scales: {
                y: {
                    beginAtZero: true
                }
            }
        }
    });
});
3. Test Chart.js Manually
Verify that the Chart object is available in the browser console:

Open your web page.
Press F12 (or Ctrl+Shift+I) to open developer tools.
Go to the console and type Chart. If it’s loaded correctly, you should see an object definition.
4. Static File Debugging
Ensure the static file URL resolves correctly:

Visit <your-server>/static/js/chart.umd.js in your browser and check if the file loads.
5. Development Environment
If you're using Django’s development server, restart it after making changes:

python manage.py runserver
Let me know if the issue persists after trying these steps!






You said:
Should the chart.js be excluded via my gitignore or not ? 
ChatGPT said:
ChatGPT
Whether you include Chart.js in your Git repository or exclude it using .gitignore depends on how you manage dependencies and deploy your project. Here’s an analysis of both approaches:

Include Chart.js in Git
When to Do This:
Small, Self-Contained Project: If your project is simple and doesn’t have a robust dependency management system.
Offline Deployment: If your production server does not have access to download external libraries during deployment.
Custom or Specific Version: If you're using a custom build or a specific version of Chart.js that might not be available elsewhere.
Advantages:
Your repository is self-contained and doesn’t rely on external downloads.
Easier to deploy on servers without internet access.
Guarantees the exact version you tested.
Disadvantages:
Increases the size of your repository unnecessarily, especially for larger libraries.
Makes it harder to update Chart.js later since you need to replace the files manually.
Exclude Chart.js Using .gitignore
When to Do This:
Using a Package Manager: If you’re using a dependency manager like npm or yarn to handle JavaScript libraries.
CDN or Static Hosting: If you're serving Chart.js from a CDN (e.g., via <script> tags linking to a hosted version).
Standard Practice: When you want to follow modern best practices for dependency management.
Advantages:
Keeps your repository lightweight.
Makes updating dependencies easier (e.g., running npm install or updating CDN links).
Avoids redundancy when Chart.js is already available on the CDN or through npm.
Disadvantages:
Your project depends on the availability of the dependency (locally or online).
Deployment pipelines must ensure all dependencies are installed before deployment.
Recommended Approach
For Small Projects Without npm or yarn: Include Chart.js in your repository under a folder like static/js. This ensures the project is portable and works without external steps.

For Larger Projects or Long-Term Maintenance: Exclude Chart.js and use a package manager or CDN:

Use npm to manage Chart.js:
npm install chart.js
Add node_modules/ to .gitignore.
In home-ui.js, import Chart.js (e.g., using ES6 or CommonJS syntax).
Alternatively, serve Chart.js via a CDN:
<script src="https://cdn.jsdelivr.net/npm/chart.js"></script>
How to Exclude Chart.js with .gitignore
If you downloaded chart.umd.js manually and placed it in static/js, add this line to .gitignore:

src/static/js/chart.umd.js
This ensures that the file isn’t committed to the repository.

Summary
Simple Projects: Include the library for simplicity.
Larger or Professional Projects: Exclude the library and use a dependency manager or CDN.
Let me know your use case, and I can help you refine this decision!






You said:
The file chart.umd.js is 206KB, is that a relatively big size for needing to store on Git ? 
ChatGPT said:
ChatGPT
A 206KB file isn't massive, but whether to store it in Git depends on your project's goals and practices. Here's how to think about it:

When 206KB is Considered Big
Frequent Changes: If the file is regularly updated (e.g., you download new versions), each update adds to your Git repository's size because Git stores the entire history of changes.
Team Collaboration: If your team frequently clones or pulls the repository, the extra size can slow things down, especially when the history grows.
Microservices or CI/CD Pipelines: Large repositories can slow down build pipelines or deployment processes.
When 206KB is Manageable
Static File: If the file rarely changes, the impact on repository size and performance is minimal.
Small Projects: For a single-developer or small project, this size is unlikely to cause issues.
No Dependency Managers: If you're not using npm, yarn, or a CDN, having a self-contained repository might outweigh the file size concern.
Key Considerations
Repository Size Over Time:

Git stores every version of every file. If chart.umd.js is updated frequently, your repo's size will grow proportionally.
Example: Updating a 206KB file 10 times = 2MB of extra size.
Team Workflow:

For teams cloning/pulling often, larger repos are inconvenient.
For personal use, 206KB won't be a problem.
Alternatives to Storing in Git:

Use a CDN (best for deployment).
Add it to .gitignore and document how to download the file during setup.
Best Practices for Dependencies
If the file size is a concern, exclude it from Git and manage dependencies properly:

Use a CDN:
<script src="https://cdn.jsdelivr.net/npm/chart.js"></script>
Use a package manager like npm:
npm install chart.js
If you include it in Git, place it in static/js/ and accept the small size trade-off for simplicity.

Conclusion
206KB is relatively small and manageable for Git, especially for small projects.
For scalable and professional projects, follow modern dependency management practices by excluding it from Git.
Let me know your project context, and I can advise on the optimal setup!






You said:
How can I display my projects in order of their due date ? 
ChatGPT said:
ChatGPT
To display your projects in order of their due date in a Django application, you need to follow these steps:

1. Update the Model
Ensure your Project model has a due_date field to track the due date. If you don't already have it, add it as follows:

from django.db import models

class Project(models.Model):
    name = models.CharField(max_length=255)
    description = models.TextField()
    due_date = models.DateField()  # Add this field
    # Add other fields as needed

    def __str__(self):
        return self.name
After adding the due_date field:

python manage.py makemigrations
python manage.py migrate
2. Order Projects in Views
In your view, you can use Django's ORM to order the projects by their due date.

Example:

from django.shortcuts import render
from .models import Project

def project_list(request):
    projects = Project.objects.all().order_by('due_date')  # Ascending order
    return render(request, 'pages/project_list.html', {'projects': projects})
Use order_by('due_date') for ascending order (earliest due dates first).
Use order_by('-due_date') for descending order (latest due dates first).
3. Update the Template
Display the ordered projects in the template:

<!DOCTYPE html>
<html lang="en">
<head>
    <meta charset="UTF-8">
    <meta name="viewport" content="width=device-width, initial-scale=1.0">
    <title>Projects</title>
</head>
<body>
    <h1>Project List</h1>
    <ul>
        {% for project in projects %}
            <li>
                <strong>{{ project.name }}</strong><br>
                Due Date: {{ project.due_date }}<br>
                Description: {{ project.description }}
            </li>
        {% endfor %}
    </ul>
</body>
</html>
4. Optional: Add Default Ordering in the Model
If most of the time you need projects ordered by due_date, you can set default ordering in the model:

class Project(models.Model):
    name = models.CharField(max_length=255)
    description = models.TextField()
    due_date = models.DateField()

    class Meta:
        ordering = ['due_date']  # Default ascending order by due_date
Now, whenever you query Project.objects.all(), the results will be ordered by due_date.

5. Test
Add some projects via the admin interface or shell with varying due dates.
Navigate to the view displaying the projects.
Confirm that they appear in the desired order.
Let me know if you need further assistance setting this up!






You said:
My date time field is currently displaying as 'Dec. 24, 2024, midnight' - how can I change this so it displays as something like "24-Dec-2024" ? 
ChatGPT said:
ChatGPT
You can format the display of your date in Django templates by using the date template filter. Here’s how you can customize the date format to display as "24-Dec-2024":

1. Update the Template
In your template, use the date filter with the desired format:

<li>
    <strong>{{ project.name }}</strong><br>
    Due Date: {{ project.due_date|date:"d-M-Y" }}<br>
    Description: {{ project.description }}
</li>
d → Day of the month (zero-padded, e.g., 01 to 31).
M → Short month name (e.g., Jan, Feb, Mar).
Y → Year (e.g., 2024).
This will display the due date in the format 24-Dec-2024.

2. Change the Default Format Globally (Optional)
If you want to apply the date format globally across your Django project, you can set it in the settings.py file:

# settings.py

DATE_FORMAT = "d-M-Y"
Then, in your template, use the DATE_FORMAT setting without explicitly specifying the format:

{{ project.due_date|date }}
3. Using Python Code for Formatting
If you are formatting the date in a Python view or script instead of a template, you can use the strftime method:

from datetime import datetime

due_date = project.due_date
formatted_date = due_date.strftime("%d-%b-%Y")  # Outputs: 24-Dec-2024
If you want to pass the formatted date to your template:

def project_list(request):
    projects = Project.objects.all()
    for project in projects:
        project.formatted_due_date = project.due_date.strftime("%d-%b-%Y")
    return render(request, 'pages/project_list.html', {'projects': projects})
In your template:

<li>
    <strong>{{ project.name }}</strong><br>
    Due Date: {{ project.formatted_due_date }}<br>
    Description: {{ project.description }}
</li>
4. Customize Admin Interface (Optional)
If you're seeing the format in the Django admin and want to change it there as well, you can override the ModelAdmin class:

from django.contrib import admin
from .models import Project
from django.utils.html import format_html

class ProjectAdmin(admin.ModelAdmin):
    list_display = ('name', 'formatted_due_date', 'description')

    def formatted_due_date(self, obj):
        return obj.due_date.strftime("%d-%b-%Y")
    formatted_due_date.short_description = 'Due Date'

admin.site.register(Project, ProjectAdmin)
With these changes, you can consistently format the date as "24-Dec-2024" wherever it's displayed. Let me know if you need help implementing any specific part!


2/2

You said:
I want to add another item to the table that is either Red, Amber, or Green (a RAG status) - where it displays as Red if the Progress is < 50% and the due_date is within 1 week, Amber if the progress is < 80% and the due_date is within 1 week, and Green otherwise. 

How can I do this? I also want the option to change the RAG status the admin URL if necessary.  
ChatGPT said:
ChatGPT
To implement a Red-Amber-Green (RAG) status system with the logic you described, follow these steps:

1. Update the Model
Add a rag_status field to your model and set its value programmatically based on the conditions you specified. Make the field editable so it can be overridden in the admin if necessary.

Example Model Update:
from django.db import models
from datetime import timedelta
from django.utils.timezone import now

class Project(models.Model):
    name = models.CharField(max_length=255)
    description = models.TextField()
    due_date = models.DateField()
    progress = models.FloatField()  # Progress as a percentage (e.g., 70.0 for 70%)
    
    RAG_CHOICES = [
        ('Red', 'Red'),
        ('Amber', 'Amber'),
        ('Green', 'Green'),
    ]
    rag_status = models.CharField(max_length=6, choices=RAG_CHOICES, default='Green', editable=True)

    def save(self, *args, **kwargs):
        # Auto-calculate RAG status based on conditions if not overridden
        if not self.pk or not self.rag_status:  # Only calculate if not overridden
            if self.progress < 50 and self.due_date <= now().date() + timedelta(weeks=1):
                self.rag_status = 'Red'
            elif self.progress < 80 and self.due_date <= now().date() + timedelta(weeks=1):
                self.rag_status = 'Amber'
            else:
                self.rag_status = 'Green'
        super().save(*args, **kwargs)
2. Update the Admin Panel
Make the rag_status editable in the admin interface so you can manually override it if necessary.

Example Admin Configuration:
from django.contrib import admin
from .models import Project

class ProjectAdmin(admin.ModelAdmin):
    list_display = ('name', 'progress', 'due_date', 'rag_status')
    list_editable = ('rag_status',)  # Allow manual updates to RAG status

admin.site.register(Project, ProjectAdmin)
3. Update the Template
Display the RAG status in the template with corresponding colors.

Example Template Update:
<li>
    <strong>{{ project.name }}</strong><br>
    Due Date: {{ project.due_date|date:"d-M-Y" }}<br>
    Description: {{ project.description }}<br>
    Progress: {{ project.progress }}%<br>
    RAG Status: 
    <span style="
        color: {% if project.rag_status == 'Red' %}red
               {% elif project.rag_status == 'Amber' %}orange
               {% else %}green{% endif %};">
        {{ project.rag_status }}
    </span>
</li>
4. Optional: Create a Custom Management Command (for bulk recalculation)
If you need to recalculate the RAG status for all projects periodically (e.g., via a cron job), create a management command:

Example Management Command:
from django.core.management.base import BaseCommand
from datetime import timedelta
from django.utils.timezone import now
from projects.models import Project

class Command(BaseCommand):
    help = 'Recalculate RAG status for all projects'

    def handle(self, *args, **kwargs):
        projects = Project.objects.all()
        for project in projects:
            if project.progress < 50 and project.due_date <= now().date() + timedelta(weeks=1):
                project.rag_status = 'Red'
            elif project.progress < 80 and project.due_date <= now().date() + timedelta(weeks=1):
                project.rag_status = 'Amber'
            else:
                project.rag_status = 'Green'
            project.save()
        self.stdout.write(self.style.SUCCESS('Successfully updated RAG statuses'))
Run it with:

python manage.py recalculate_rag
5. Test the Feature
Auto RAG Status: Test if the RAG status updates automatically based on progress and due date.
Admin Override: Check if the admin panel allows manual updates to the RAG status.
Template Display: Verify the correct colors and values are displayed in your template.
With this setup, you have a robust RAG status system that dynamically updates based on business logic and allows for manual overrides when needed.






You said:
This is how I am currently displaying my table, how can I edit to have the RAG status as a block of color ? 

            <tbody>
                {% for project in projects %}
                <tr class="border-t">
                    <td class="px-6 py-4 text-gray-700">{{ project.title }}</td>
                    <td class="px-6 py-4 text-gray-700">{{ project.progress }}%</td>
                    <td class="px-6 py-4 text-gray-700">{{ project.start_date|date:"Y-m-d" }}</td>
                    <td class="px-6 py-4 text-gray-700">{{ project.end_date|date:"Y-m-d" }}</td>
                    <td class=""> {{ project.rag_status }} </td>
                </tr>
                {% endfor %}
            </tbody>
ChatGPT said:
ChatGPT
To display the RAG status as a block of color in your table, you can use a div or a span with inline styles or pre-defined CSS classes. Here's how you can modify your RAG status cell to display a colored block:

Updated Code
<tbody>
    {% for project in projects %}
    <tr class="border-t">
        <td class="px-6 py-4 text-gray-700">{{ project.title }}</td>
        <td class="px-6 py-4 text-gray-700">{{ project.progress }}%</td>
        <td class="px-6 py-4 text-gray-700">{{ project.start_date|date:"Y-m-d" }}</td>
        <td class="px-6 py-4 text-gray-700">{{ project.end_date|date:"Y-m-d" }}</td>
        <td class="px-6 py-4 text-center">
            <div class="w-6 h-6 mx-auto rounded-full"
                 style="background-color: 
                     {% if project.rag_status == 'Red' %}red
                     {% elif project.rag_status == 'Amber' %}orange
                     {% elif project.rag_status == 'Green' %}green
                     {% else %}gray{% endif %};">
            </div>
        </td>
    </tr>
    {% endfor %}
</tbody>
Explanation
<div> as a Colored Block:

Added a small circular block using the div element with width (w-6) and height (h-6) set via Tailwind CSS.
Used rounded-full for circular styling.
Dynamic Background Colors:

Used a Django {% if ... %} statement to set the background-color style dynamically based on the rag_status.
Fallback Color:

Added a fallback color (gray) in case the rag_status is not set or invalid.
Centering the Block:

Used mx-auto to horizontally center the block in the table cell.
Example Result
If rag_status is Red, the table cell displays a red circular block.
If rag_status is Amber, the table cell displays an orange circular block.
If rag_status is Green, the table cell displays a green circular block.
Optional: Predefined CSS Classes (Alternative Approach)
Instead of inline styles, you can define CSS classes for the colors in your stylesheet:

.rag-red {
    background-color: red;
}
.rag-amber {
    background-color: orange;
}
.rag-green {
    background-color: green;
}
.rag-gray {
    background-color: gray;
}
Then, update your template:

<td class="px-6 py-4 text-center">
    <div class="w-6 h-6 mx-auto rounded-full 
        {% if project.rag_status == 'Red' %}rag-red
        {% elif project.rag_status == 'Amber' %}rag-amber
        {% elif project.rag_status == 'Green' %}rag-green
        {% else %}rag-gray{% endif %}">
    </div>
</td>
This approach separates the styling logic from the template for better maintainability.







Unable to share conversation
Sharing conversations with user uploaded images is not yet supported







ChatGPT can make mistakes. Check important info.
?
